Archive member included to satisfy reference by file (symbol)

D:/apps/STM32CubeIDE/plugins/com.st.stm32cube.ide.mcu.externaltools.gnu-tools-for-stm32.12.3.rel1.win32_1.1.0.202410251130/tools/bin/../lib/gcc/arm-none-eabi/12.3.1/../../../../arm-none-eabi/lib/thumb/v7e-m+fp/hard\libc_nano.a(libc_a-calloc.o)
                              ./Core/Src/main.o (calloc)
D:/apps/STM32CubeIDE/plugins/com.st.stm32cube.ide.mcu.externaltools.gnu-tools-for-stm32.12.3.rel1.win32_1.1.0.202410251130/tools/bin/../lib/gcc/arm-none-eabi/12.3.1/../../../../arm-none-eabi/lib/thumb/v7e-m+fp/hard\libc_nano.a(libc_a-callocr.o)
                              D:/apps/STM32CubeIDE/plugins/com.st.stm32cube.ide.mcu.externaltools.gnu-tools-for-stm32.12.3.rel1.win32_1.1.0.202410251130/tools/bin/../lib/gcc/arm-none-eabi/12.3.1/../../../../arm-none-eabi/lib/thumb/v7e-m+fp/hard\libc_nano.a(libc_a-calloc.o) (_calloc_r)
D:/apps/STM32CubeIDE/plugins/com.st.stm32cube.ide.mcu.externaltools.gnu-tools-for-stm32.12.3.rel1.win32_1.1.0.202410251130/tools/bin/../lib/gcc/arm-none-eabi/12.3.1/../../../../arm-none-eabi/lib/thumb/v7e-m+fp/hard\libc_nano.a(libc_a-exit.o)
                              D:/apps/STM32CubeIDE/plugins/com.st.stm32cube.ide.mcu.externaltools.gnu-tools-for-stm32.12.3.rel1.win32_1.1.0.202410251130/tools/bin/../lib/gcc/arm-none-eabi/12.3.1/../../../../arm-none-eabi/lib/thumb/v7e-m+fp/hard/crt0.o (exit)
D:/apps/STM32CubeIDE/plugins/com.st.stm32cube.ide.mcu.externaltools.gnu-tools-for-stm32.12.3.rel1.win32_1.1.0.202410251130/tools/bin/../lib/gcc/arm-none-eabi/12.3.1/../../../../arm-none-eabi/lib/thumb/v7e-m+fp/hard\libc_nano.a(libc_a-malloc.o)
                              ./Core/Src/main.o (free)
D:/apps/STM32CubeIDE/plugins/com.st.stm32cube.ide.mcu.externaltools.gnu-tools-for-stm32.12.3.rel1.win32_1.1.0.202410251130/tools/bin/../lib/gcc/arm-none-eabi/12.3.1/../../../../arm-none-eabi/lib/thumb/v7e-m+fp/hard\libc_nano.a(libc_a-mallocr.o)
                              D:/apps/STM32CubeIDE/plugins/com.st.stm32cube.ide.mcu.externaltools.gnu-tools-for-stm32.12.3.rel1.win32_1.1.0.202410251130/tools/bin/../lib/gcc/arm-none-eabi/12.3.1/../../../../arm-none-eabi/lib/thumb/v7e-m+fp/hard\libc_nano.a(libc_a-callocr.o) (_malloc_r)
D:/apps/STM32CubeIDE/plugins/com.st.stm32cube.ide.mcu.externaltools.gnu-tools-for-stm32.12.3.rel1.win32_1.1.0.202410251130/tools/bin/../lib/gcc/arm-none-eabi/12.3.1/../../../../arm-none-eabi/lib/thumb/v7e-m+fp/hard\libc_nano.a(libc_a-mlock.o)
                              D:/apps/STM32CubeIDE/plugins/com.st.stm32cube.ide.mcu.externaltools.gnu-tools-for-stm32.12.3.rel1.win32_1.1.0.202410251130/tools/bin/../lib/gcc/arm-none-eabi/12.3.1/../../../../arm-none-eabi/lib/thumb/v7e-m+fp/hard\libc_nano.a(libc_a-mallocr.o) (__malloc_lock)
D:/apps/STM32CubeIDE/plugins/com.st.stm32cube.ide.mcu.externaltools.gnu-tools-for-stm32.12.3.rel1.win32_1.1.0.202410251130/tools/bin/../lib/gcc/arm-none-eabi/12.3.1/../../../../arm-none-eabi/lib/thumb/v7e-m+fp/hard\libc_nano.a(libc_a-findfp.o)
                              D:/apps/STM32CubeIDE/plugins/com.st.stm32cube.ide.mcu.externaltools.gnu-tools-for-stm32.12.3.rel1.win32_1.1.0.202410251130/tools/bin/../lib/gcc/arm-none-eabi/12.3.1/../../../../arm-none-eabi/lib/thumb/v7e-m+fp/hard\libc_nano.a(libc_a-exit.o) (__stdio_exit_handler)
D:/apps/STM32CubeIDE/plugins/com.st.stm32cube.ide.mcu.externaltools.gnu-tools-for-stm32.12.3.rel1.win32_1.1.0.202410251130/tools/bin/../lib/gcc/arm-none-eabi/12.3.1/../../../../arm-none-eabi/lib/thumb/v7e-m+fp/hard\libc_nano.a(libc_a-fwalk.o)
                              D:/apps/STM32CubeIDE/plugins/com.st.stm32cube.ide.mcu.externaltools.gnu-tools-for-stm32.12.3.rel1.win32_1.1.0.202410251130/tools/bin/../lib/gcc/arm-none-eabi/12.3.1/../../../../arm-none-eabi/lib/thumb/v7e-m+fp/hard\libc_nano.a(libc_a-findfp.o) (_fwalk_sglue)
D:/apps/STM32CubeIDE/plugins/com.st.stm32cube.ide.mcu.externaltools.gnu-tools-for-stm32.12.3.rel1.win32_1.1.0.202410251130/tools/bin/../lib/gcc/arm-none-eabi/12.3.1/../../../../arm-none-eabi/lib/thumb/v7e-m+fp/hard\libc_nano.a(libc_a-stdio.o)
                              D:/apps/STM32CubeIDE/plugins/com.st.stm32cube.ide.mcu.externaltools.gnu-tools-for-stm32.12.3.rel1.win32_1.1.0.202410251130/tools/bin/../lib/gcc/arm-none-eabi/12.3.1/../../../../arm-none-eabi/lib/thumb/v7e-m+fp/hard\libc_nano.a(libc_a-findfp.o) (__sread)
D:/apps/STM32CubeIDE/plugins/com.st.stm32cube.ide.mcu.externaltools.gnu-tools-for-stm32.12.3.rel1.win32_1.1.0.202410251130/tools/bin/../lib/gcc/arm-none-eabi/12.3.1/../../../../arm-none-eabi/lib/thumb/v7e-m+fp/hard\libc_nano.a(libc_a-memmove.o)
                              ./Core/Src/main.o (memmove)
D:/apps/STM32CubeIDE/plugins/com.st.stm32cube.ide.mcu.externaltools.gnu-tools-for-stm32.12.3.rel1.win32_1.1.0.202410251130/tools/bin/../lib/gcc/arm-none-eabi/12.3.1/../../../../arm-none-eabi/lib/thumb/v7e-m+fp/hard\libc_nano.a(libc_a-memset.o)
[...]
Memory Configuration

Name             Origin             Length             Attributes
RAM              0x20000000         0x00040000         xrw
FLASH            0x08000000         0x00080000         xr
*default*        0x00000000         0xffffffff

Linker script and memory map

LOAD D:/apps/STM32CubeIDE/plugins/com.st.stm32cube.ide.mcu.externaltools.gnu-tools-for-stm32.12.3.rel1.win32_1.1.0.202410251130/tools/bin/../lib/gcc/arm-none-eabi/12.3.1/thumb/v7e-m+fp/hard/crti.o
LOAD D:/apps/STM32CubeIDE/plugins/com.st.stm32cube.ide.mcu.externaltools.gnu-tools-for-stm32.12.3.rel1.win32_1.1.0.202410251130/tools/bin/../lib/gcc/arm-none-eabi/12.3.1/thumb/v7e-m+fp/hard/crtbegin.o
LOAD D:/apps/STM32CubeIDE/plugins/com.st.stm32cube.ide.mcu.externaltools.gnu-tools-for-stm32.12.3.rel1.win32_1.1.0.202410251130/tools/bin/../lib/gcc/arm-none-eabi/12.3.1/../../../../arm-none-eabi/lib/thumb/v7e-m+fp/hard/crt0.o
LOAD ./Core/Src/main.o
LOAD ./Core/Src/stm32f4xx_hal_msp.o
LOAD ./Core/Src/stm32f4xx_it.o
LOAD ./Core/Src/syscalls.o
LOAD ./Core/Src/sysmem.o
LOAD ./Core/Src/system_stm32f4xx.o
LOAD ./Core/Startup/startup_stm32f412retx.o
LOAD ./Drivers/STM32F4xx_HAL_Driver/Src/stm32f4xx_hal.o
LOAD ./Drivers/STM32F4xx_HAL_Driver/Src/stm32f4xx_hal_cortex.o
LOAD ./Drivers/STM32F4xx_HAL_Driver/Src/stm32f4xx_hal_dma.o
LOAD ./Drivers/STM32F4xx_HAL_Driver/Src/stm32f4xx_hal_dma_ex.o
LOAD ./Drivers/STM32F4xx_HAL_Driver/Src/stm32f4xx_hal_exti.o
LOAD ./Drivers/STM32F4xx_HAL_Driver/Src/stm32f4xx_hal_flash.o
LOAD ./Drivers/STM32F4xx_HAL_Driver/Src/stm32f4xx_hal_flash_ex.o
LOAD ./Drivers/STM32F4xx_HAL_Driver/Src/stm32f4xx_hal_flash_ramfunc.o
LOAD ./Drivers/STM32F4xx_HAL_Driver/Src/stm32f4xx_hal_gpio.o
LOAD ./Drivers/STM32F4xx_HAL_Driver/Src/stm32f4xx_hal_i2c.o
LOAD ./Drivers/STM32F4xx_HAL_Driver/Src/stm32f4xx_hal_i2c_ex.o
LOAD ./Drivers/STM32F4xx_HAL_Driver/Src/stm32f4xx_hal_pwr.o
LOAD ./Drivers/STM32F4xx_HAL_Driver/Src/stm32f4xx_hal_pwr_ex.o
LOAD ./Drivers/STM32F4xx_HAL_Driver/Src/stm32f4xx_hal_rcc.o
LOAD ./Drivers/STM32F4xx_HAL_Driver/Src/stm32f4xx_hal_rcc_ex.o
LOAD ./Drivers/STM32F4xx_HAL_Driver/Src/stm32f4xx_hal_tim.o
LOAD ./Drivers/STM32F4xx_HAL_Driver/Src/stm32f4xx_hal_tim_ex.o
LOAD ./Drivers/STM32F4xx_HAL_Driver/Src/stm32f4xx_hal_uart.o
START GROUP
LOAD D:/apps/STM32CubeIDE/plugins/com.st.stm32cube.ide.mcu.externaltools.gnu-tools-for-stm32.12.3.rel1.win32_1.1.0.202410251130/tools/bin/../lib/gcc/arm-none-eabi/12.3.1/../../../../arm-none-eabi/lib/thumb/v7e-m+fp/hard\libc_nano.a
LOAD D:/apps/STM32CubeIDE/plugins/com.st.stm32cube.ide.mcu.externaltools.gnu-tools-for-stm32.12.3.rel1.win32_1.1.0.202410251130/tools/bin/../lib/gcc/arm-none-eabi/12.3.1/../../../../arm-none-eabi/lib/thumb/v7e-m+fp/hard\libm.a
END GROUP
START GROUP
LOAD D:/apps/STM32CubeIDE/plugins/com.st.stm32cube.ide.mcu.externaltools.gnu-tools-for-stm32.12.3.rel1.win32_1.1.0.202410251130/tools/bin/../lib/gcc/arm-none-eabi/12.3.1/thumb/v7e-m+fp/hard\libgcc.a
LOAD D:/apps/STM32CubeIDE/plugins/com.st.stm32cube.ide.mcu.externaltools.gnu-tools-for-stm32.12.3.rel1.win32_1.1.0.202410251130/tools/bin/../lib/gcc/arm-none-eabi/12.3.1/../../../../arm-none-eabi/lib/thumb/v7e-m+fp/hard\libc_nano.a
END GROUP
START GROUP
LOAD D:/apps/STM32CubeIDE/plugins/com.st.stm32cube.ide.mcu.externaltools.gnu-tools-for-stm32.12.3.rel1.win32_1.1.0.202410251130/tools/bin/../lib/gcc/arm-none-eabi/12.3.1/thumb/v7e-m+fp/hard\libgcc.a
LOAD D:/apps/STM32CubeIDE/plugins/com.st.stm32cube.ide.mcu.externaltools.gnu-tools-for-stm32.12.3.rel1.win32_1.1.0.202410251130/tools/bin/../lib/gcc/arm-none-eabi/12.3.1/../../../../arm-none-eabi/lib/thumb/v7e-m+fp/hard\libc_nano.a
LOAD D:/apps/STM32CubeIDE/plugins/com.st.stm32cube.ide.mcu.externaltools.gnu-tools-for-stm32.12.3.rel1.win32_1.1.0.202410251130/tools/bin/../lib/gcc/arm-none-eabi/12.3.1/../../../../arm-none-eabi/lib/thumb/v7e-m+fp/hard\libnosys.a
END GROUP
START GROUP
LOAD D:/apps/STM32CubeIDE/plugins/com.st.stm32cube.ide.mcu.externaltools.gnu-tools-for-stm32.12.3.rel1.win32_1.1.0.202410251130/tools/bin/../lib/gcc/arm-none-eabi/12.3.1/thumb/v7e-m+fp/hard\libgcc.a
LOAD D:/apps/STM32CubeIDE/plugins/com.st.stm32cube.ide.mcu.externaltools.gnu-tools-for-stm32.12.3.rel1.win32_1.1.0.202410251130/tools/bin/../lib/gcc/arm-none-eabi/12.3.1/../../../../arm-none-eabi/lib/thumb/v7e-m+fp/hard\libc_nano.a
LOAD D:/apps/STM32CubeIDE/plugins/com.st.stm32cube.ide.mcu.externaltools.gnu-tools-for-stm32.12.3.rel1.win32_1.1.0.202410251130/tools/bin/../lib/gcc/arm-none-eabi/12.3.1/../../../../arm-none-eabi/lib/thumb/v7e-m+fp/hard\libnosys.a
END GROUP
LOAD D:/apps/STM32CubeIDE/plugins/com.st.stm32cube.ide.mcu.externaltools.gnu-tools-for-stm32.12.3.rel1.win32_1.1.0.202410251130/tools/bin/../lib/gcc/arm-none-eabi/12.3.1/thumb/v7e-m+fp/hard/crtend.o
LOAD D:/apps/STM32CubeIDE/plugins/com.st.stm32cube.ide.mcu.externaltools.gnu-tools-for-stm32.12.3.rel1.win32_1.1.0.202410251130/tools/bin/../lib/gcc/arm-none-eabi/12.3.1/thumb/v7e-m+fp/hard/crtn.o
                0x20040000                        _estack = (ORIGIN (RAM) + LENGTH (RAM))
                0x00000200                        _Min_Heap_Size = 0x200
                0x00000400                        _Min_Stack_Size = 0x400

.isr_vector     0x08000000      0x1c4
                0x08000000                        . = ALIGN (0x4)
 *(.isr_vector)
 .isr_vector    0x08000000      0x1c4 ./Core/Startup/startup_stm32f412retx.o
                0x08000000                g_pfnVectors
                0x080001c4                        . = ALIGN (0x4)

.text           0x080001c8     0x7aa0
                0x080001c8                        . = ALIGN (0x4)
 *(.text)
 .text          0x080001c8       0x40 D:/apps/STM32CubeIDE/plugins/com.st.stm32cube.ide.mcu.externaltools.gnu-tools-for-stm32.12.3.rel1.win32_1.1.0.202410251130/tools/bin/../lib/gcc/arm-none-eabi/12.3.1/thumb/v7e-m+fp/hard/crtbegin.o
 .text          0x08000208      0x378 D:/apps/STM32CubeIDE/plugins/com.st.stm32cube.ide.mcu.externaltools.gnu-tools-for-stm32.12.3.rel1.win32_1.1.0.202410251130/tools/bin/../lib/gcc/arm-none-eabi/12.3.1/thumb/v7e-m+fp/hard\libgcc.a(_arm_addsubdf3.o)
                0x08000208                __aeabi_drsub
                0x08000210                __aeabi_dsub
                0x08000210                __subdf3
                0x08000214                __aeabi_dadd
                0x08000214                __adddf3
                0x0800048c                __floatunsidf
                0x0800048c                __aeabi_ui2d
                0x080004ac                __floatsidf
                0x080004ac                __aeabi_i2d
                0x080004d0                __aeabi_f2d
                0x080004d0                __extendsfdf2
                0x08000514                __floatundidf
                0x08000514                __aeabi_ul2d
                0x08000524                __floatdidf
                0x08000524                __aeabi_l2d
 .text          0x08000580      0x424 D:/apps/STM32CubeIDE/plugins/com.st.stm32cube.ide.mcu.externaltools.gnu-tools-for-stm32.12.3.rel1.win32_1.1.0.202410251130/tools/bin/../lib/gcc/arm-none-eabi/12.3.1/thumb/v7e-m+fp/hard\libgcc.a(_arm_muldivdf3.o)
                0x08000580                __aeabi_dmul
                0x08000580                __muldf3
                0x080007d4                __divdf3
                0x080007d4                __aeabi_ddiv
 .text          0x080009a4       0x50 D:/apps/STM32CubeIDE/plugins/com.st.stm32cube.ide.mcu.externaltools.gnu-tools-for-stm32.12.3.rel1.win32_1.1.0.202410251130/tools/bin/../lib/gcc/arm-none-eabi/12.3.1/thumb/v7e-m+fp/hard\libgcc.a(_arm_fixdfsi.o)
                0x080009a4                __aeabi_d2iz
                0x080009a4                __fixdfsi
 .text          0x080009f4       0x30 D:/apps/STM32CubeIDE/plugins/com.st.stm32cube.ide.mcu.externaltools.gnu-tools-for-stm32.12.3.rel1.win32_1.1.0.202410251130/tools/bin/../lib/gcc/arm-none-eabi/12.3.1/thumb/v7e-m+fp/hard\libgcc.a(_aeabi_uldivmod.o)
                0x080009f4                __aeabi_uldivmod
 .text          0x08000a24      0x2bc D:/apps/STM32CubeIDE/plugins/com.st.stm32cube.ide.mcu.externaltools.gnu-tools-for-stm32.12.3.rel1.win32_1.1.0.202410251130/tools/bin/../lib/gcc/arm-none-eabi/12.3.1/thumb/v7e-m+fp/hard\libgcc.a(_udivmoddi4.o)
                0x08000a24                __udivmoddi4
 .text          0x08000ce0        0x4 D:/apps/STM32CubeIDE/plugins/com.st.stm32cube.ide.mcu.externaltools.gnu-tools-for-stm32.12.3.rel1.win32_1.1.0.202410251130/tools/bin/../lib/gcc/arm-none-eabi/12.3.1/thumb/v7e-m+fp/hard\libgcc.a(_dvmd_tls.o)
                0x08000ce0                __aeabi_idiv0
                0x08000ce0                __aeabi_ldiv0
 *(.text*)
 .text.arena_alloc
                0x08000ce4       0x34 ./Core/Src/main.o
 .text.arena_push
                0x08000d18       0x42 ./Core/Src/main.o
 .text.temp_begin
                0x08000d5a       0x30 ./Core/Src/main.o
 .text.temp_end
                0x08000d8a       0x1e ./Core/Src/main.o
 .text.sdbm_checksum
                0x08000da8       0x40 ./Core/Src/main.o
 .text.rng2f32  0x08000de8       0x70 ./Core/Src/main.o
 .text.clamp_rng2f32
                0x08000e58       0x5e ./Core/Src/main.o
 .text.os_gpio_init
                0x08000eb6       0x2e ./Core/Src/main.o
 .text.os_gpio_write
                0x08000ee4       0x2e ./Core/Src/main.o
 .text.os_gpio_read
                0x08000f12       0x28 ./Core/Src/main.o
 .text.os_i2c_init
                0x08000f3a       0x30 ./Core/Src/main.o
 .text.os_i2c_write_register8
                0x08000f6a       0x48 ./Core/Src/main.o
 .text.os_i2c_read_register8
                0x08000fb2       0x48 ./Core/Src/main.o
 .text.os_timer_init
                0x08000ffa       0x3c ./Core/Src/main.o
 .text.os_timer_start
                0x08001036       0x20 ./Core/Src/main.o
 .text.os_timer_get_counter_32
                0x08001056       0x20 ./Core/Src/main.o
 .text.os_timer_set_counter_32
                0x08001076       0x20 ./Core/Src/main.o
 .text.os_timer_it_init
                0x08001096       0x36 ./Core/Src/main.o
 .text.os_timer_it_start
                0x080010cc       0x1c ./Core/Src/main.o
 .text.os_timer_it_handle
                0x080010e8       0x18 ./Core/Src/main.o
 .text.os_uart_init
                0x08001100       0x30 ./Core/Src/main.o
 .text.os_uart_send
                0x08001130       0x36 ./Core/Src/main.o
 .text.os_uart_send_dma
                0x08001166       0x34 ./Core/Src/main.o
 .text.os_uart_receive_to_idle_dma
                0x0800119a       0x24 ./Core/Src/main.o
 .text.os_uart_handle
                0x080011be       0x18 ./Core/Src/main.o
 .text.ADS1115_init
                0x080011d6       0x4a ./Core/Src/main.o
 .text.ADS1115_read_adc_diff_01
                0x08001220       0xdc ./Core/Src/main.o
 .text.TAS501_init
                0x080012fc       0x4c ./Core/Src/main.o
 .text.TAS501_tension_kg
                0x08001348       0x32 ./Core/Src/main.o
 .text.pid_gains_init
                0x0800137a       0x50 ./Core/Src/main.o
 *fill*         0x080013ca        0x2 
 .text.pid_zn_gains_init
                0x080013cc       0x88 ./Core/Src/main.o
 .text.pid_update_gains
                0x08001454       0x20 ./Core/Src/main.o
 .text.pid_init
                0x08001474       0x70 ./Core/Src/main.o
 .text.pid_step
                0x080014e4      0x160 ./Core/Src/main.o
 .text.modbus_crc
                0x08001644       0x78 ./Core/Src/main.o
 .text.modbus_write_multiple_registers
                0x080016bc      0x148 ./Core/Src/main.o
 .text.motor_excitation
                0x08001804       0x3a ./Core/Src/main.o
 .text.motor_speed_control
                0x0800183e       0x5e ./Core/Src/main.o
 .text.motor_activate
                0x0800189c       0x4a ./Core/Src/main.o
 *fill*         0x080018e6        0x2 
 .text.motor_set_speed
                0x080018e8       0x78 ./Core/Src/main.o
 .text.comms_arch_init
                0x08001960       0x2a ./Core/Src/main.o
 *fill*         0x0800198a        0x2 
 .text.comms_packet_valid
                0x0800198c       0x98 ./Core/Src/main.o
 .text.aw_comms_arch_verify
                0x08001a24       0x50 ./Core/Src/main.o
 .text.aw_comms_arch_is_verified
                0x08001a74       0x24 ./Core/Src/main.o
 .text.aw_comms_get_cable_state
                0x08001a98       0x58 ./Core/Src/main.o
 .text.comms_create_packet_arch_v1
                0x08001af0       0x58 ./Core/Src/main.o
 .text.comms_create_packet_state_v1
                0x08001b48       0x64 ./Core/Src/main.o
 .text.comms_create_packet_error_v1
                0x08001bac       0x48 ./Core/Src/main.o
 .text.comms_parse_rx_and_create_tx
                0x08001bf4       0xbc ./Core/Src/main.o
 .text.aw_init  0x08001cb0      0x458 ./Core/Src/main.o
 .text.get_encoder_turn_count
                0x08002108       0x42 ./Core/Src/main.o
 .text.aw_frame
                0x0800214a        0xe ./Core/Src/main.o
 .text.HAL_TIM_PeriodElapsedCallback
                0x08002158      0x2f0 ./Core/Src/main.o
                0x08002158                HAL_TIM_PeriodElapsedCallback
 .text.HAL_UARTEx_RxEventCallback
                0x08002448       0x80 ./Core/Src/main.o
                0x08002448                HAL_UARTEx_RxEventCallback
 .text.HAL_UART_TxCpltCallback
                0x080024c8       0x64 ./Core/Src/main.o
                0x080024c8                HAL_UART_TxCpltCallback
 .text.HAL_UART_ErrorCallback
                0x0800252c       0x68 ./Core/Src/main.o
                0x0800252c                HAL_UART_ErrorCallback
 .text.main     0x08002594       0x36 ./Core/Src/main.o
                0x08002594                main
 *fill*         0x080025ca        0x2 
 .text.SystemClock_Config
                0x080025cc       0xd4 ./Core/Src/main.o
                0x080025cc                SystemClock_Config
 .text.MX_I2C1_Init
                0x080026a0       0x5c ./Core/Src/main.o
 .text.MX_TIM3_Init
                0x080026fc       0xa8 ./Core/Src/main.o
 .text.MX_TIM6_Init
                0x080027a4       0x6c ./Core/Src/main.o
 .text.MX_USART1_UART_Init
                0x08002810       0x54 ./Core/Src/main.o
 .text.MX_USART3_UART_Init
                0x08002864       0x54 ./Core/Src/main.o
 .text.MX_USART6_UART_Init
                0x080028b8       0x54 ./Core/Src/main.o
 .text.MX_DMA_Init
                0x0800290c       0x50 ./Core/Src/main.o
 .text.MX_GPIO_Init
                0x0800295c      0x120 ./Core/Src/main.o
 .text.Error_Handler
                0x08002a7c        0xc ./Core/Src/main.o
                0x08002a7c                Error_Handler
 .text.HAL_MspInit
                0x08002a88       0x50 ./Core/Src/stm32f4xx_hal_msp.o
                0x08002a88                HAL_MspInit
 .text.HAL_I2C_MspInit
                0x08002ad8       0x90 ./Core/Src/stm32f4xx_hal_msp.o
                0x08002ad8                HAL_I2C_MspInit
 .text.HAL_TIM_Encoder_MspInit
                0x08002b68       0x90 ./Core/Src/stm32f4xx_hal_msp.o
                0x08002b68                HAL_TIM_Encoder_MspInit
 .text.HAL_TIM_Base_MspInit
                0x08002bf8       0x50 ./Core/Src/stm32f4xx_hal_msp.o
                0x08002bf8                HAL_TIM_Base_MspInit
 .text.HAL_UART_MspInit
                0x08002c48      0x284 ./Core/Src/stm32f4xx_hal_msp.o
                0x08002c48                HAL_UART_MspInit
 .text.NMI_Handler
                0x08002ecc        0x8 ./Core/Src/stm32f4xx_it.o
                0x08002ecc                NMI_Handler
 .text.HardFault_Handler
                0x08002ed4        0x8 ./Core/Src/stm32f4xx_it.o
                0x08002ed4                HardFault_Handler
 .text.MemManage_Handler
                0x08002edc        0x8 ./Core/Src/stm32f4xx_it.o
                0x08002edc                MemManage_Handler
 .text.BusFault_Handler
                0x08002ee4        0x8 ./Core/Src/stm32f4xx_it.o
                0x08002ee4                BusFault_Handler
 .text.UsageFault_Handler
                0x08002eec        0x8 ./Core/Src/stm32f4xx_it.o
                0x08002eec                UsageFault_Handler
 .text.SVC_Handler
                0x08002ef4        0xe ./Core/Src/stm32f4xx_it.o
                0x08002ef4                SVC_Handler
 .text.DebugMon_Handler
                0x08002f02        0xe ./Core/Src/stm32f4xx_it.o
                0x08002f02                DebugMon_Handler
 .text.PendSV_Handler
                0x08002f10        0xe ./Core/Src/stm32f4xx_it.o
                0x08002f10                PendSV_Handler
 .text.SysTick_Handler
                0x08002f1e        0xc ./Core/Src/stm32f4xx_it.o
                0x08002f1e                SysTick_Handler
 *fill*         0x08002f2a        0x2 
 .text.USART1_IRQHandler
                0x08002f2c       0x14 ./Core/Src/stm32f4xx_it.o
                0x08002f2c                USART1_IRQHandler
 .text.TIM6_IRQHandler
                0x08002f40       0x14 ./Core/Src/stm32f4xx_it.o
                0x08002f40                TIM6_IRQHandler
 .text.DMA2_Stream2_IRQHandler
                0x08002f54       0x14 ./Core/Src/stm32f4xx_it.o
                0x08002f54                DMA2_Stream2_IRQHandler
 .text.DMA2_Stream7_IRQHandler
                0x08002f68       0x14 ./Core/Src/stm32f4xx_it.o
                0x08002f68                DMA2_Stream7_IRQHandler
 .text._sbrk    0x08002f7c       0x6c ./Core/Src/sysmem.o
                0x08002f7c                _sbrk
 .text.SystemInit
                0x08002fe8       0x24 ./Core/Src/system_stm32f4xx.o
                0x08002fe8                SystemInit
 .text.Reset_Handler
                0x0800300c       0x50 ./Core/Startup/startup_stm32f412retx.o
                0x0800300c                Reset_Handler
 .text.Default_Handler
                0x0800305c        0x2 ./Core/Startup/startup_stm32f412retx.o
                0x0800305c                RTC_Alarm_IRQHandler
                0x0800305c                EXTI2_IRQHandler
                0x0800305c                TIM8_CC_IRQHandler
                0x0800305c                FMPI2C1_EV_IRQHandler
                0x0800305c                SPI4_IRQHandler
                0x0800305c                TIM1_CC_IRQHandler
                0x0800305c                DMA2_Stream5_IRQHandler
                0x0800305c                DMA1_Stream5_IRQHandler
                0x0800305c                PVD_IRQHandler
                0x0800305c                SDIO_IRQHandler
                0x0800305c                TAMP_STAMP_IRQHandler
                0x0800305c                CAN2_RX1_IRQHandler
                0x0800305c                EXTI3_IRQHandler
                0x0800305c                TIM8_TRG_COM_TIM14_IRQHandler
                0x0800305c                DFSDM1_FLT1_IRQHandler
                0x0800305c                TIM1_UP_TIM10_IRQHandler
                0x0800305c                TIM8_UP_TIM13_IRQHandler
                0x0800305c                I2C3_ER_IRQHandler
                0x0800305c                EXTI0_IRQHandler
                0x0800305c                I2C2_EV_IRQHandler
                0x0800305c                DMA1_Stream2_IRQHandler
                0x0800305c                CAN1_RX0_IRQHandler
                0x0800305c                FPU_IRQHandler
                0x0800305c                CAN2_SCE_IRQHandler
                0x0800305c                SPI1_IRQHandler
                0x0800305c                TIM1_BRK_TIM9_IRQHandler
                0x0800305c                CAN2_RX0_IRQHandler
                0x0800305c                DMA2_Stream3_IRQHandler
                0x0800305c                USART6_IRQHandler
                0x0800305c                USART3_IRQHandler
                0x0800305c                CAN1_RX1_IRQHandler
                0x0800305c                DMA2_Stream0_IRQHandler
                0x0800305c                TIM4_IRQHandler
                0x0800305c                QUADSPI_IRQHandler
                0x0800305c                I2C1_EV_IRQHandler
                0x0800305c                DMA1_Stream6_IRQHandler
                0x0800305c                DMA1_Stream1_IRQHandler
                0x0800305c                TIM3_IRQHandler
                0x0800305c                RCC_IRQHandler
                0x0800305c                TIM8_BRK_TIM12_IRQHandler
                0x0800305c                Default_Handler
                0x0800305c                EXTI15_10_IRQHandler
                0x0800305c                ADC_IRQHandler
                0x0800305c                DMA1_Stream7_IRQHandler
                0x0800305c                SPI5_IRQHandler
                0x0800305c                TIM7_IRQHandler
                0x0800305c                CAN2_TX_IRQHandler
                0x0800305c                TIM5_IRQHandler
                0x0800305c                I2C3_EV_IRQHandler
                0x0800305c                EXTI9_5_IRQHandler
                0x0800305c                RTC_WKUP_IRQHandler
                0x0800305c                SPI2_IRQHandler
                0x0800305c                DMA1_Stream0_IRQHandler
                0x0800305c                CAN1_TX_IRQHandler
                0x0800305c                FMPI2C1_ER_IRQHandler
                0x0800305c                EXTI4_IRQHandler
                0x0800305c                RNG_IRQHandler
                0x0800305c                WWDG_IRQHandler
                0x0800305c                TIM2_IRQHandler
                0x0800305c                OTG_FS_WKUP_IRQHandler
                0x0800305c                TIM1_TRG_COM_TIM11_IRQHandler
                0x0800305c                EXTI1_IRQHandler
                0x0800305c                USART2_IRQHandler
                0x0800305c                DFSDM1_FLT0_IRQHandler
                0x0800305c                I2C2_ER_IRQHandler
                0x0800305c                DMA2_Stream1_IRQHandler
                0x0800305c                CAN1_SCE_IRQHandler
                0x0800305c                FLASH_IRQHandler
                0x0800305c                DMA2_Stream4_IRQHandler
                0x0800305c                OTG_FS_IRQHandler
                0x0800305c                SPI3_IRQHandler
                0x0800305c                DMA1_Stream4_IRQHandler
                0x0800305c                I2C1_ER_IRQHandler
                0x0800305c                DMA2_Stream6_IRQHandler
                0x0800305c                DMA1_Stream3_IRQHandler
 *fill*         0x0800305e        0x2 
 .text.HAL_Init
                0x08003060       0x44 ./Drivers/STM32F4xx_HAL_Driver/Src/stm32f4xx_hal.o
                0x08003060                HAL_Init
 .text.HAL_InitTick
                0x080030a4       0x60 ./Drivers/STM32F4xx_HAL_Driver/Src/stm32f4xx_hal.o
                0x080030a4                HAL_InitTick
 .text.HAL_IncTick
                0x08003104       0x28 ./Drivers/STM32F4xx_HAL_Driver/Src/stm32f4xx_hal.o
                0x08003104                HAL_IncTick
 .text.HAL_GetTick
                0x0800312c       0x18 ./Drivers/STM32F4xx_HAL_Driver/Src/stm32f4xx_hal.o
                0x0800312c                HAL_GetTick
 .text.HAL_Delay
                0x08003144       0x48 ./Drivers/STM32F4xx_HAL_Driver/Src/stm32f4xx_hal.o
                0x08003144                HAL_Delay
 .text.__NVIC_SetPriorityGrouping
                0x0800318c       0x48 ./Drivers/STM32F4xx_HAL_Driver/Src/stm32f4xx_hal_cortex.o
 .text.__NVIC_GetPriorityGrouping
                0x080031d4       0x1c ./Drivers/STM32F4xx_HAL_Driver/Src/stm32f4xx_hal_cortex.o
 .text.__NVIC_EnableIRQ
                0x080031f0       0x3c ./Drivers/STM32F4xx_HAL_Driver/Src/stm32f4xx_hal_cortex.o
 .text.__NVIC_SetPriority
                0x0800322c       0x54 ./Drivers/STM32F4xx_HAL_Driver/Src/stm32f4xx_hal_cortex.o
 .text.NVIC_EncodePriority
                0x08003280       0x66 ./Drivers/STM32F4xx_HAL_Driver/Src/stm32f4xx_hal_cortex.o
 *fill*         0x080032e6        0x2 
 .text.SysTick_Config
                0x080032e8       0x44 ./Drivers/STM32F4xx_HAL_Driver/Src/stm32f4xx_hal_cortex.o
 .text.HAL_NVIC_SetPriorityGrouping
                0x0800332c       0x16 ./Drivers/STM32F4xx_HAL_Driver/Src/stm32f4xx_hal_cortex.o
                0x0800332c                HAL_NVIC_SetPriorityGrouping
 .text.HAL_NVIC_SetPriority
                0x08003342       0x38 ./Drivers/STM32F4xx_HAL_Driver/Src/stm32f4xx_hal_cortex.o
                0x08003342                HAL_NVIC_SetPriority
 .text.HAL_NVIC_EnableIRQ
                0x0800337a       0x1c ./Drivers/STM32F4xx_HAL_Driver/Src/stm32f4xx_hal_cortex.o
                0x0800337a                HAL_NVIC_EnableIRQ
 .text.HAL_SYSTICK_Config
                0x08003396       0x18 ./Drivers/STM32F4xx_HAL_Driver/Src/stm32f4xx_hal_cortex.o
                0x08003396                HAL_SYSTICK_Config
 *fill*         0x080033ae        0x2 
 .text.HAL_DMA_Init
                0x080033b0      0x15c ./Drivers/STM32F4xx_HAL_Driver/Src/stm32f4xx_hal_dma.o
                0x080033b0                HAL_DMA_Init
 .text.HAL_DMA_Start_IT
                0x0800350c       0xb0 ./Drivers/STM32F4xx_HAL_Driver/Src/stm32f4xx_hal_dma.o
                0x0800350c                HAL_DMA_Start_IT
 .text.HAL_DMA_Abort
                0x080035bc       0xe0 ./Drivers/STM32F4xx_HAL_Driver/Src/stm32f4xx_hal_dma.o
                0x080035bc                HAL_DMA_Abort
 .text.HAL_DMA_Abort_IT
                0x0800369c       0x44 ./Drivers/STM32F4xx_HAL_Driver/Src/stm32f4xx_hal_dma.o
                0x0800369c                HAL_DMA_Abort_IT
 .text.HAL_DMA_IRQHandler
                0x080036e0      0x314 ./Drivers/STM32F4xx_HAL_Driver/Src/stm32f4xx_hal_dma.o
                0x080036e0                HAL_DMA_IRQHandler
 .text.HAL_DMA_GetError
                0x080039f4       0x18 ./Drivers/STM32F4xx_HAL_Driver/Src/stm32f4xx_hal_dma.o
                0x080039f4                HAL_DMA_GetError
 .text.DMA_SetConfig
                0x08003a0c       0x5c ./Drivers/STM32F4xx_HAL_Driver/Src/stm32f4xx_hal_dma.o
 .text.DMA_CalcBaseAndBitshift
                0x08003a68       0x6c ./Drivers/STM32F4xx_HAL_Driver/Src/stm32f4xx_hal_dma.o
 .text.DMA_CheckFifoParam
                0x08003ad4       0xf8 ./Drivers/STM32F4xx_HAL_Driver/Src/stm32f4xx_hal_dma.o
 .text.HAL_GPIO_Init
                0x08003bcc      0x2f8 ./Drivers/STM32F4xx_HAL_Driver/Src/stm32f4xx_hal_gpio.o
                0x08003bcc                HAL_GPIO_Init
 .text.HAL_GPIO_ReadPin
                0x08003ec4       0x30 ./Drivers/STM32F4xx_HAL_Driver/Src/stm32f4xx_hal_gpio.o
                0x08003ec4                HAL_GPIO_ReadPin
 .text.HAL_GPIO_WritePin
                0x08003ef4       0x32 ./Drivers/STM32F4xx_HAL_Driver/Src/stm32f4xx_hal_gpio.o
                0x08003ef4                HAL_GPIO_WritePin
 *fill*         0x08003f26        0x2 
 .text.HAL_I2C_Init
                0x08003f28      0x288 ./Drivers/STM32F4xx_HAL_Driver/Src/stm32f4xx_hal_i2c.o
                0x08003f28                HAL_I2C_Init
 .text.HAL_I2C_Mem_Write
                0x080041b0      0x1f4 ./Drivers/STM32F4xx_HAL_Driver/Src/stm32f4xx_hal_i2c.o
                0x080041b0                HAL_I2C_Mem_Write
 .text.HAL_I2C_Mem_Read
                0x080043a4      0x464 ./Drivers/STM32F4xx_HAL_Driver/Src/stm32f4xx_hal_i2c.o
                0x080043a4                HAL_I2C_Mem_Read
 .text.I2C_RequestMemoryWrite
                0x08004808      0x12c ./Drivers/STM32F4xx_HAL_Driver/Src/stm32f4xx_hal_i2c.o
 .text.I2C_RequestMemoryRead
                0x08004934      0x1d0 ./Drivers/STM32F4xx_HAL_Driver/Src/stm32f4xx_hal_i2c.o
 .text.I2C_WaitOnFlagUntilTimeout
                0x08004b04       0xf4 ./Drivers/STM32F4xx_HAL_Driver/Src/stm32f4xx_hal_i2c.o
 .text.I2C_WaitOnMasterAddressFlagUntilTimeout
                0x08004bf8      0x140 ./Drivers/STM32F4xx_HAL_Driver/Src/stm32f4xx_hal_i2c.o
 .text.I2C_WaitOnTXEFlagUntilTimeout
                0x08004d38       0x90 ./Drivers/STM32F4xx_HAL_Driver/Src/stm32f4xx_hal_i2c.o
 .text.I2C_WaitOnBTFFlagUntilTimeout
                0x08004dc8       0x90 ./Drivers/STM32F4xx_HAL_Driver/Src/stm32f4xx_hal_i2c.o
 .text.I2C_WaitOnRXNEFlagUntilTimeout
                0x08004e58       0xba ./Drivers/STM32F4xx_HAL_Driver/Src/stm32f4xx_hal_i2c.o
 .text.I2C_IsAcknowledgeFailed
                0x08004f12       0x5e ./Drivers/STM32F4xx_HAL_Driver/Src/stm32f4xx_hal_i2c.o
 .text.HAL_RCC_ClockConfig
                0x08004f70      0x1cc ./Drivers/STM32F4xx_HAL_Driver/Src/stm32f4xx_hal_rcc.o
                0x08004f70                HAL_RCC_ClockConfig
 .text.HAL_RCC_GetSysClockFreq
                0x0800513c      0x18c ./Drivers/STM32F4xx_HAL_Driver/Src/stm32f4xx_hal_rcc.o
                0x0800513c                HAL_RCC_GetSysClockFreq
 .text.HAL_RCC_GetHCLKFreq
                0x080052c8       0x18 ./Drivers/STM32F4xx_HAL_Driver/Src/stm32f4xx_hal_rcc.o
                0x080052c8                HAL_RCC_GetHCLKFreq
 .text.HAL_RCC_GetPCLK1Freq
                0x080052e0       0x28 ./Drivers/STM32F4xx_HAL_Driver/Src/stm32f4xx_hal_rcc.o
                0x080052e0                HAL_RCC_GetPCLK1Freq
 .text.HAL_RCC_GetPCLK2Freq
                0x08005308       0x28 ./Drivers/STM32F4xx_HAL_Driver/Src/stm32f4xx_hal_rcc.o
                0x08005308                HAL_RCC_GetPCLK2Freq
 .text.HAL_RCC_OscConfig
                0x08005330      0x508 ./Drivers/STM32F4xx_HAL_Driver/Src/stm32f4xx_hal_rcc_ex.o
                0x08005330                HAL_RCC_OscConfig
 .text.HAL_TIM_Base_Init
                0x08005838       0x9e ./Drivers/STM32F4xx_HAL_Driver/Src/stm32f4xx_hal_tim.o
                0x08005838                HAL_TIM_Base_Init
 *fill*         0x080058d6        0x2 
 .text.HAL_TIM_Base_Start_IT
                0x080058d8       0xe0 ./Drivers/STM32F4xx_HAL_Driver/Src/stm32f4xx_hal_tim.o
                0x080058d8                HAL_TIM_Base_Start_IT
 .text.HAL_TIM_Base_Stop_IT
                0x080059b8       0x5e ./Drivers/STM32F4xx_HAL_Driver/Src/stm32f4xx_hal_tim.o
                0x080059b8                HAL_TIM_Base_Stop_IT
 .text.HAL_TIM_Encoder_Init
                0x08005a16      0x14c ./Drivers/STM32F4xx_HAL_Driver/Src/stm32f4xx_hal_tim.o
                0x08005a16                HAL_TIM_Encoder_Init
 .text.HAL_TIM_Encoder_Start
                0x08005b62      0x11c ./Drivers/STM32F4xx_HAL_Driver/Src/stm32f4xx_hal_tim.o
                0x08005b62                HAL_TIM_Encoder_Start
 .text.HAL_TIM_Encoder_Stop
                0x08005c7e      0x12e ./Drivers/STM32F4xx_HAL_Driver/Src/stm32f4xx_hal_tim.o
                0x08005c7e                HAL_TIM_Encoder_Stop
 .text.HAL_TIM_IRQHandler
                0x08005dac      0x1e0 ./Drivers/STM32F4xx_HAL_Driver/Src/stm32f4xx_hal_tim.o
                0x08005dac                HAL_TIM_IRQHandler
 .text.HAL_TIM_OC_DelayElapsedCallback
                0x08005f8c       0x14 ./Drivers/STM32F4xx_HAL_Driver/Src/stm32f4xx_hal_tim.o
                0x08005f8c                HAL_TIM_OC_DelayElapsedCallback
 .text.HAL_TIM_IC_CaptureCallback
                0x08005fa0       0x14 ./Drivers/STM32F4xx_HAL_Driver/Src/stm32f4xx_hal_tim.o
                0x08005fa0                HAL_TIM_IC_CaptureCallback
 .text.HAL_TIM_PWM_PulseFinishedCallback
                0x08005fb4       0x14 ./Drivers/STM32F4xx_HAL_Driver/Src/stm32f4xx_hal_tim.o
                0x08005fb4                HAL_TIM_PWM_PulseFinishedCallback
 .text.HAL_TIM_TriggerCallback
                0x08005fc8       0x14 ./Drivers/STM32F4xx_HAL_Driver/Src/stm32f4xx_hal_tim.o
                0x08005fc8                HAL_TIM_TriggerCallback
 .text.TIM_Base_SetConfig
                0x08005fdc      0x14c ./Drivers/STM32F4xx_HAL_Driver/Src/stm32f4xx_hal_tim.o
                0x08005fdc                TIM_Base_SetConfig
 .text.TIM_CCxChannelCmd
                0x08006128       0x4a ./Drivers/STM32F4xx_HAL_Driver/Src/stm32f4xx_hal_tim.o
                0x08006128                TIM_CCxChannelCmd
 *fill*         0x08006172        0x2 
 .text.HAL_TIMEx_MasterConfigSynchronization
                0x08006174       0xf8 ./Drivers/STM32F4xx_HAL_Driver/Src/stm32f4xx_hal_tim_ex.o
                0x08006174                HAL_TIMEx_MasterConfigSynchronization
 .text.HAL_TIMEx_CommutCallback
                0x0800626c       0x14 ./Drivers/STM32F4xx_HAL_Driver/Src/stm32f4xx_hal_tim_ex.o
                0x0800626c                HAL_TIMEx_CommutCallback
 .text.HAL_TIMEx_BreakCallback
                0x08006280       0x14 ./Drivers/STM32F4xx_HAL_Driver/Src/stm32f4xx_hal_tim_ex.o
                0x08006280                HAL_TIMEx_BreakCallback
 .text.HAL_UART_Init
                0x08006294       0xa0 ./Drivers/STM32F4xx_HAL_Driver/Src/stm32f4xx_hal_uart.o
                0x08006294                HAL_UART_Init
 .text.HAL_UART_Transmit
                0x08006334      0x116 ./Drivers/STM32F4xx_HAL_Driver/Src/stm32f4xx_hal_uart.o
                0x08006334                HAL_UART_Transmit
 *fill*         0x0800644a        0x2 
 .text.HAL_UART_Transmit_DMA
                0x0800644c       0xf8 ./Drivers/STM32F4xx_HAL_Driver/Src/stm32f4xx_hal_uart.o
                0x0800644c                HAL_UART_Transmit_DMA
 .text.HAL_UARTEx_ReceiveToIdle_DMA
                0x08006544       0xb2 ./Drivers/STM32F4xx_HAL_Driver/Src/stm32f4xx_hal_uart.o
                0x08006544                HAL_UARTEx_ReceiveToIdle_DMA
 .text.HAL_UARTEx_GetRxEventType
                0x080065f6       0x18 ./Drivers/STM32F4xx_HAL_Driver/Src/stm32f4xx_hal_uart.o
                0x080065f6                HAL_UARTEx_GetRxEventType
 .text.HAL_UART_AbortReceive
                0x0800660e      0x146 ./Drivers/STM32F4xx_HAL_Driver/Src/stm32f4xx_hal_uart.o
                0x0800660e                HAL_UART_AbortReceive
 .text.HAL_UART_IRQHandler
                0x08006754      0x554 ./Drivers/STM32F4xx_HAL_Driver/Src/stm32f4xx_hal_uart.o
                0x08006754                HAL_UART_IRQHandler
 .text.HAL_UART_TxHalfCpltCallback
                0x08006ca8       0x14 ./Drivers/STM32F4xx_HAL_Driver/Src/stm32f4xx_hal_uart.o
                0x08006ca8                HAL_UART_TxHalfCpltCallback
 .text.HAL_UART_RxCpltCallback
                0x08006cbc       0x14 ./Drivers/STM32F4xx_HAL_Driver/Src/stm32f4xx_hal_uart.o
                0x08006cbc                HAL_UART_RxCpltCallback
 .text.HAL_UART_RxHalfCpltCallback
                0x08006cd0       0x14 ./Drivers/STM32F4xx_HAL_Driver/Src/stm32f4xx_hal_uart.o
                0x08006cd0                HAL_UART_RxHalfCpltCallback
 .text.UART_DMATransmitCplt
                0x08006ce4       0x9a ./Drivers/STM32F4xx_HAL_Driver/Src/stm32f4xx_hal_uart.o
 .text.UART_DMATxHalfCplt
                0x08006d7e       0x1c ./Drivers/STM32F4xx_HAL_Driver/Src/stm32f4xx_hal_uart.o
 .text.UART_DMAReceiveCplt
                0x08006d9a      0x12c ./Drivers/STM32F4xx_HAL_Driver/Src/stm32f4xx_hal_uart.o
 .text.UART_DMARxHalfCplt
                0x08006ec6       0x3c ./Drivers/STM32F4xx_HAL_Driver/Src/stm32f4xx_hal_uart.o
 .text.UART_DMAError
                0x08006f02       0x94 ./Drivers/STM32F4xx_HAL_Driver/Src/stm32f4xx_hal_uart.o
 .text.UART_WaitOnFlagUntilTimeout
                0x08006f96       0xb2 ./Drivers/STM32F4xx_HAL_Driver/Src/stm32f4xx_hal_uart.o
 .text.UART_Start_Receive_DMA
                0x08007048      0x14c ./Drivers/STM32F4xx_HAL_Driver/Src/stm32f4xx_hal_uart.o
                0x08007048                UART_Start_Receive_DMA
 .text.UART_EndTxTransfer
                0x08007194       0x50 ./Drivers/STM32F4xx_HAL_Driver/Src/stm32f4xx_hal_uart.o
 .text.UART_EndRxTransfer
                0x080071e4       0xc6 ./Drivers/STM32F4xx_HAL_Driver/Src/stm32f4xx_hal_uart.o
 .text.UART_DMAAbortOnError
                0x080072aa       0x22 ./Drivers/STM32F4xx_HAL_Driver/Src/stm32f4xx_hal_uart.o
 .text.UART_Transmit_IT
                0x080072cc       0xa0 ./Drivers/STM32F4xx_HAL_Driver/Src/stm32f4xx_hal_uart.o
 .text.UART_EndTransmit_IT
                0x0800736c       0x30 ./Drivers/STM32F4xx_HAL_Driver/Src/stm32f4xx_hal_uart.o
 .text.UART_Receive_IT
                0x0800739c      0x17c ./Drivers/STM32F4xx_HAL_Driver/Src/stm32f4xx_hal_uart.o
 .text.UART_SetConfig
                0x08007518      0x4e8 ./Drivers/STM32F4xx_HAL_Driver/Src/stm32f4xx_hal_uart.o
 .text.calloc   0x08007a00       0x10 D:/apps/STM32CubeIDE/plugins/com.st.stm32cube.ide.mcu.externaltools.gnu-tools-for-stm32.12.3.rel1.win32_1.1.0.202410251130/tools/bin/../lib/gcc/arm-none-eabi/12.3.1/../../../../arm-none-eabi/lib/thumb/v7e-m+fp/hard\libc_nano.a(libc_a-calloc.o)
                0x08007a00                calloc
 .text._calloc_r
                0x08007a10       0x28 D:/apps/STM32CubeIDE/plugins/com.st.stm32cube.ide.mcu.externaltools.gnu-tools-for-stm32.12.3.rel1.win32_1.1.0.202410251130/tools/bin/../lib/gcc/arm-none-eabi/12.3.1/../../../../arm-none-eabi/lib/thumb/v7e-m+fp/hard\libc_nano.a(libc_a-callocr.o)
                0x08007a10                _calloc_r
 .text.sbrk_aligned
                0x08007a38       0x44 D:/apps/STM32CubeIDE/plugins/com.st.stm32cube.ide.mcu.externaltools.gnu-tools-for-stm32.12.3.rel1.win32_1.1.0.202410251130/tools/bin/../lib/gcc/arm-none-eabi/12.3.1/../../../../arm-none-eabi/lib/thumb/v7e-m+fp/hard\libc_nano.a(libc_a-mallocr.o)
 .text._malloc_r
                0x08007a7c      0x100 D:/apps/STM32CubeIDE/plugins/com.st.stm32cube.ide.mcu.externaltools.gnu-tools-for-stm32.12.3.rel1.win32_1.1.0.202410251130/tools/bin/../lib/gcc/arm-none-eabi/12.3.1/../../../../arm-none-eabi/lib/thumb/v7e-m+fp/hard\libc_nano.a(libc_a-mallocr.o)
                0x08007a7c                _malloc_r
 .text.__malloc_lock
                0x08007b7c        0xc D:/apps/STM32CubeIDE/plugins/com.st.stm32cube.ide.mcu.externaltools.gnu-tools-for-stm32.12.3.rel1.win32_1.1.0.202410251130/tools/bin/../lib/gcc/arm-none-eabi/12.3.1/../../../../arm-none-eabi/lib/thumb/v7e-m+fp/hard\libc_nano.a(libc_a-mlock.o)
                0x08007b7c                __malloc_lock
 .text.__malloc_unlock
                0x08007b88        0xc D:/apps/STM32CubeIDE/plugins/com.st.stm32cube.ide.mcu.externaltools.gnu-tools-for-stm32.12.3.rel1.win32_1.1.0.202410251130/tools/bin/../lib/gcc/arm-none-eabi/12.3.1/../../../../arm-none-eabi/lib/thumb/v7e-m+fp/hard\libc_nano.a(libc_a-mlock.o)
                0x08007b88                __malloc_unlock
 .text.memmove  0x08007b94       0x34 D:/apps/STM32CubeIDE/plugins/com.st.stm32cube.ide.mcu.externaltools.gnu-tools-for-stm32.12.3.rel1.win32_1.1.0.202410251130/tools/bin/../lib/gcc/arm-none-eabi/12.3.1/../../../../arm-none-eabi/lib/thumb/v7e-m+fp/hard\libc_nano.a(libc_a-memmove.o)
                0x08007b94                memmove
 .text.memset   0x08007bc8       0x10 D:/apps/STM32CubeIDE/plugins/com.st.stm32cube.ide.mcu.externaltools.gnu-tools-for-stm32.12.3.rel1.win32_1.1.0.202410251130/tools/bin/../lib/gcc/arm-none-eabi/12.3.1/../../../../arm-none-eabi/lib/thumb/v7e-m+fp/hard\libc_nano.a(libc_a-memset.o)
                0x08007bc8                memset
 .text._sbrk_r  0x08007bd8       0x20 D:/apps/STM32CubeIDE/plugins/com.st.stm32cube.ide.mcu.externaltools.gnu-tools-for-stm32.12.3.rel1.win32_1.1.0.202410251130/tools/bin/../lib/gcc/arm-none-eabi/12.3.1/../../../../arm-none-eabi/lib/thumb/v7e-m+fp/hard\libc_nano.a(libc_a-sbrkr.o)
                0x08007bd8                _sbrk_r
 .text.__errno  0x08007bf8        0xc D:/apps/STM32CubeIDE/plugins/com.st.stm32cube.ide.mcu.externaltools.gnu-tools-for-stm32.12.3.rel1.win32_1.1.0.202410251130/tools/bin/../lib/gcc/arm-none-eabi/12.3.1/../../../../arm-none-eabi/lib/thumb/v7e-m+fp/hard\libc_nano.a(libc_a-errno.o)
                0x08007bf8                __errno
 .text.__libc_init_array
                0x08007c04       0x48 D:/apps/STM32CubeIDE/plugins/com.st.stm32cube.ide.mcu.externaltools.gnu-tools-for-stm32.12.3.rel1.win32_1.1.0.202410251130/tools/bin/../lib/gcc/arm-none-eabi/12.3.1/../../../../arm-none-eabi/lib/thumb/v7e-m+fp/hard\libc_nano.a(libc_a-init.o)
                0x08007c04                __libc_init_array
 .text.__retarget_lock_acquire_recursive
                0x08007c4c        0x2 D:/apps/STM32CubeIDE/plugins/com.st.stm32cube.ide.mcu.externaltools.gnu-tools-for-stm32.12.3.rel1.win32_1.1.0.202410251130/tools/bin/../lib/gcc/arm-none-eabi/12.3.1/../../../../arm-none-eabi/lib/thumb/v7e-m+fp/hard\libc_nano.a(libc_a-lock.o)
                0x08007c4c                __retarget_lock_acquire_recursive
 .text.__retarget_lock_release_recursive
                0x08007c4e        0x2 D:/apps/STM32CubeIDE/plugins/com.st.stm32cube.ide.mcu.externaltools.gnu-tools-for-stm32.12.3.rel1.win32_1.1.0.202410251130/tools/bin/../lib/gcc/arm-none-eabi/12.3.1/../../../../arm-none-eabi/lib/thumb/v7e-m+fp/hard\libc_nano.a(libc_a-lock.o)
                0x08007c4e                __retarget_lock_release_recursive
 *(.glue_7)
 .glue_7        0x08007c50        0x0 linker stubs
 *(.glue_7t)
 .glue_7t       0x08007c50        0x0 linker stubs
 *(.eh_frame)
 .eh_frame      0x08007c50        0x0 D:/apps/STM32CubeIDE/plugins/com.st.stm32cube.ide.mcu.externaltools.gnu-tools-for-stm32.12.3.rel1.win32_1.1.0.202410251130/tools/bin/../lib/gcc/arm-none-eabi/12.3.1/thumb/v7e-m+fp/hard/crtbegin.o
 *(.init)
 .init          0x08007c50        0x4 D:/apps/STM32CubeIDE/plugins/com.st.stm32cube.ide.mcu.externaltools.gnu-tools-for-stm32.12.3.rel1.win32_1.1.0.202410251130/tools/bin/../lib/gcc/arm-none-eabi/12.3.1/thumb/v7e-m+fp/hard/crti.o
                0x08007c50                _init
 .init          0x08007c54        0x8 D:/apps/STM32CubeIDE/plugins/com.st.stm32cube.ide.mcu.externaltools.gnu-tools-for-stm32.12.3.rel1.win32_1.1.0.202410251130/tools/bin/../lib/gcc/arm-none-eabi/12.3.1/thumb/v7e-m+fp/hard/crtn.o
 *(.fini)
 .fini          0x08007c5c        0x4 D:/apps/STM32CubeIDE/plugins/com.st.stm32cube.ide.mcu.externaltools.gnu-tools-for-stm32.12.3.rel1.win32_1.1.0.202410251130/tools/bin/../lib/gcc/arm-none-eabi/12.3.1/thumb/v7e-m+fp/hard/crti.o
                0x08007c5c                _fini
 .fini          0x08007c60        0x8 D:/apps/STM32CubeIDE/plugins/com.st.stm32cube.ide.mcu.externaltools.gnu-tools-for-stm32.12.3.rel1.win32_1.1.0.202410251130/tools/bin/../lib/gcc/arm-none-eabi/12.3.1/thumb/v7e-m+fp/hard/crtn.o
                0x08007c68                        . = ALIGN (0x4)
                0x08007c68                        _etext = .

.vfp11_veneer   0x08007c68        0x0
 .vfp11_veneer  0x08007c68        0x0 linker stubs

.v4_bx          0x08007c68        0x0
 .v4_bx         0x08007c68        0x0 linker stubs

.iplt           0x08007c68        0x0
 .iplt          0x08007c68        0x0 D:/apps/STM32CubeIDE/plugins/com.st.stm32cube.ide.mcu.externaltools.gnu-tools-for-stm32.12.3.rel1.win32_1.1.0.202410251130/tools/bin/../lib/gcc/arm-none-eabi/12.3.1/thumb/v7e-m+fp/hard/crtbegin.o

.rodata         0x08007c68       0x50
                0x08007c68                        . = ALIGN (0x4)
 *(.rodata)
 .rodata        0x08007c68       0x30 ./Core/Src/main.o
 *(.rodata*)
 .rodata.AHBPrescTable
                0x08007c98       0x10 ./Core/Src/system_stm32f4xx.o
                0x08007c98                AHBPrescTable
 .rodata.APBPrescTable
                0x08007ca8        0x8 ./Core/Src/system_stm32f4xx.o
                0x08007ca8                APBPrescTable
 .rodata.flagBitshiftOffset.0
                0x08007cb0        0x8 ./Drivers/STM32F4xx_HAL_Driver/Src/stm32f4xx_hal_dma.o
                0x08007cb8                        . = ALIGN (0x4)

.ARM.extab      0x08007cb8        0x0
                0x08007cb8                        . = ALIGN (0x4)
 *(.ARM.extab* .gnu.linkonce.armextab.*)
                0x08007cb8                        . = ALIGN (0x4)

.ARM            0x08007cb8        0x8
                0x08007cb8                        . = ALIGN (0x4)
                0x08007cb8                        __exidx_start = .
 *(.ARM.exidx*)
 .ARM.exidx     0x08007cb8        0x8 D:/apps/STM32CubeIDE/plugins/com.st.stm32cube.ide.mcu.externaltools.gnu-tools-for-stm32.12.3.rel1.win32_1.1.0.202410251130/tools/bin/../lib/gcc/arm-none-eabi/12.3.1/thumb/v7e-m+fp/hard\libgcc.a(_udivmoddi4.o)
                0x08007cc0                        __exidx_end = .
                0x08007cc0                        . = ALIGN (0x4)

.preinit_array  0x08007cc0        0x0
                0x08007cc0                        . = ALIGN (0x4)
                0x08007cc0                        PROVIDE (__preinit_array_start = .)
 *(.preinit_array*)
                0x08007cc0                        PROVIDE (__preinit_array_end = .)
                0x08007cc0                        . = ALIGN (0x4)

.init_array     0x08007cc0        0x4
                0x08007cc0                        . = ALIGN (0x4)
                0x08007cc0                        PROVIDE (__init_array_start = .)
 *(SORT_BY_NAME(.init_array.*))
 *(.init_array*)
 .init_array    0x08007cc0        0x4 D:/apps/STM32CubeIDE/plugins/com.st.stm32cube.ide.mcu.externaltools.gnu-tools-for-stm32.12.3.rel1.win32_1.1.0.202410251130/tools/bin/../lib/gcc/arm-none-eabi/12.3.1/thumb/v7e-m+fp/hard/crtbegin.o
                0x08007cc4                        PROVIDE (__init_array_end = .)
                0x08007cc4                        . = ALIGN (0x4)

.fini_array     0x08007cc4        0x4
                0x08007cc4                        . = ALIGN (0x4)
                [!provide]                        PROVIDE (__fini_array_start = .)
 *(SORT_BY_NAME(.fini_array.*))
 *(.fini_array*)
 .fini_array    0x08007cc4        0x4 D:/apps/STM32CubeIDE/plugins/com.st.stm32cube.ide.mcu.externaltools.gnu-tools-for-stm32.12.3.rel1.win32_1.1.0.202410251130/tools/bin/../lib/gcc/arm-none-eabi/12.3.1/thumb/v7e-m+fp/hard/crtbegin.o
                [!provide]                        PROVIDE (__fini_array_end = .)
                0x08007cc8                        . = ALIGN (0x4)
                0x08007cc8                        _sidata = LOADADDR (.data)

.rel.dyn        0x08007cc8        0x0
 .rel.iplt      0x08007cc8        0x0 D:/apps/STM32CubeIDE/plugins/com.st.stm32cube.ide.mcu.externaltools.gnu-tools-for-stm32.12.3.rel1.win32_1.1.0.202410251130/tools/bin/../lib/gcc/arm-none-eabi/12.3.1/thumb/v7e-m+fp/hard/crtbegin.o

.data           0x20000000       0x5c load address 0x08007cc8
                0x20000000                        . = ALIGN (0x4)
                0x20000000                        _sdata = .
 *(.data)
 *(.data*)
 .data.SystemCoreClock
                0x20000000        0x4 ./Core/Src/system_stm32f4xx.o
                0x20000000                SystemCoreClock
 .data.uwTickPrio
                0x20000004        0x4 ./Drivers/STM32F4xx_HAL_Driver/Src/stm32f4xx_hal.o
                0x20000004                uwTickPrio
 .data.uwTickFreq
                0x20000008        0x1 ./Drivers/STM32F4xx_HAL_Driver/Src/stm32f4xx_hal.o
                0x20000008                uwTickFreq
 *fill*         0x20000009        0x3 
 .data._impure_ptr
                0x2000000c        0x4 D:/apps/STM32CubeIDE/plugins/com.st.stm32cube.ide.mcu.externaltools.gnu-tools-for-stm32.12.3.rel1.win32_1.1.0.202410251130/tools/bin/../lib/gcc/arm-none-eabi/12.3.1/../../../../arm-none-eabi/lib/thumb/v7e-m+fp/hard\libc_nano.a(libc_a-impure.o)
                0x2000000c                _impure_ptr
 .data._impure_data
                0x20000010       0x4c D:/apps/STM32CubeIDE/plugins/com.st.stm32cube.ide.mcu.externaltools.gnu-tools-for-stm32.12.3.rel1.win32_1.1.0.202410251130/tools/bin/../lib/gcc/arm-none-eabi/12.3.1/../../../../arm-none-eabi/lib/thumb/v7e-m+fp/hard\libc_nano.a(libc_a-impure.o)
                0x20000010                _impure_data
 *(.RamFunc)
 *(.RamFunc*)
                0x2000005c                        . = ALIGN (0x4)
                0x2000005c                        _edata = .

.igot.plt       0x2000005c        0x0 load address 0x08007d24
 .igot.plt      0x2000005c        0x0 D:/apps/STM32CubeIDE/plugins/com.st.stm32cube.ide.mcu.externaltools.gnu-tools-for-stm32.12.3.rel1.win32_1.1.0.202410251130/tools/bin/../lib/gcc/arm-none-eabi/12.3.1/thumb/v7e-m+fp/hard/crtbegin.o
                0x2000005c                        . = ALIGN (0x4)

.bss            0x2000005c      0x3fc load address 0x08007d24
                0x2000005c                        _sbss = .
                0x2000005c                        __bss_start__ = _sbss
 *(.bss)
 .bss           0x2000005c       0x1c D:/apps/STM32CubeIDE/plugins/com.st.stm32cube.ide.mcu.externaltools.gnu-tools-for-stm32.12.3.rel1.win32_1.1.0.202410251130/tools/bin/../lib/gcc/arm-none-eabi/12.3.1/thumb/v7e-m+fp/hard/crtbegin.o
 *(.bss*)
 .bss.hi2c1     0x20000078       0x54 ./Core/Src/main.o
                0x20000078                hi2c1
 .bss.htim3     0x200000cc       0x48 ./Core/Src/main.o
                0x200000cc                htim3
 .bss.htim6     0x20000114       0x48 ./Core/Src/main.o
                0x20000114                htim6
 .bss.huart1    0x2000015c       0x48 ./Core/Src/main.o
                0x2000015c                huart1
 .bss.huart3    0x200001a4       0x48 ./Core/Src/main.o
                0x200001a4                huart3
 .bss.huart6    0x200001ec       0x48 ./Core/Src/main.o
                0x200001ec                huart6
 .bss.hdma_usart1_rx
                0x20000234       0x60 ./Core/Src/main.o
                0x20000234                hdma_usart1_rx
 .bss.hdma_usart1_tx
                0x20000294       0x60 ./Core/Src/main.o
                0x20000294                hdma_usart1_tx
 .bss.output_pid
                0x200002f4        0x4 ./Core/Src/main.o
                0x200002f4                output_pid
 .bss.output_pid_clamp
                0x200002f8        0x4 ./Core/Src/main.o
                0x200002f8                output_pid_clamp
 .bss.aw        0x200002fc        0x4 ./Core/Src/main.o
 .bss.thread_arena
                0x20000300        0x8 ./Core/Src/main.o
 .bss.__sbrk_heap_end
                0x20000308        0x4 ./Core/Src/sysmem.o
 .bss.uwTick    0x2000030c        0x4 ./Drivers/STM32F4xx_HAL_Driver/Src/stm32f4xx_hal.o
                0x2000030c                uwTick
 .bss.__malloc_sbrk_start
                0x20000310        0x4 D:/apps/STM32CubeIDE/plugins/com.st.stm32cube.ide.mcu.externaltools.gnu-tools-for-stm32.12.3.rel1.win32_1.1.0.202410251130/tools/bin/../lib/gcc/arm-none-eabi/12.3.1/../../../../arm-none-eabi/lib/thumb/v7e-m+fp/hard\libc_nano.a(libc_a-mallocr.o)
                0x20000310                __malloc_sbrk_start
 .bss.__malloc_free_list
                0x20000314        0x4 D:/apps/STM32CubeIDE/plugins/com.st.stm32cube.ide.mcu.externaltools.gnu-tools-for-stm32.12.3.rel1.win32_1.1.0.202410251130/tools/bin/../lib/gcc/arm-none-eabi/12.3.1/../../../../arm-none-eabi/lib/thumb/v7e-m+fp/hard\libc_nano.a(libc_a-mallocr.o)
                0x20000314                __malloc_free_list
 .bss.__sf      0x20000318      0x138 D:/apps/STM32CubeIDE/plugins/com.st.stm32cube.ide.mcu.externaltools.gnu-tools-for-stm32.12.3.rel1.win32_1.1.0.202410251130/tools/bin/../lib/gcc/arm-none-eabi/12.3.1/../../../../arm-none-eabi/lib/thumb/v7e-m+fp/hard\libc_nano.a(libc_a-findfp.o)
                0x20000318                __sf
 .bss.errno     0x20000450        0x4 D:/apps/STM32CubeIDE/plugins/com.st.stm32cube.ide.mcu.externaltools.gnu-tools-for-stm32.12.3.rel1.win32_1.1.0.202410251130/tools/bin/../lib/gcc/arm-none-eabi/12.3.1/../../../../arm-none-eabi/lib/thumb/v7e-m+fp/hard\libc_nano.a(libc_a-reent.o)
                0x20000450                errno
 .bss.__lock___malloc_recursive_mutex
                0x20000454        0x1 D:/apps/STM32CubeIDE/plugins/com.st.stm32cube.ide.mcu.externaltools.gnu-tools-for-stm32.12.3.rel1.win32_1.1.0.202410251130/tools/bin/../lib/gcc/arm-none-eabi/12.3.1/../../../../arm-none-eabi/lib/thumb/v7e-m+fp/hard\libc_nano.a(libc_a-lock.o)
                0x20000454                __lock___malloc_recursive_mutex
 *(COMMON)
                0x20000458                        . = ALIGN (0x4)
 *fill*         0x20000455        0x3 
                0x20000458                        _ebss = .
                0x20000458                        __bss_end__ = _ebss

._user_heap_stack
                0x20000458      0x600 load address 0x08007d24
                0x20000458                        . = ALIGN (0x8)
                [!provide]                        PROVIDE (end = .)
                0x20000458                        PROVIDE (_end = .)
                0x20000658                        . = (. + _Min_Heap_Size)
 *fill*         0x20000458      0x200 
                0x20000a58                        . = (. + _Min_Stack_Size)
 *fill*         0x20000658      0x400 
                0x20000a58                        . = ALIGN (0x8)

/DISCARD/
 libc.a(*)
 libm.a(*)
 libgcc.a(*)

.ARM.attributes
                0x00000000       0x30
 *(.ARM.attributes)
 .ARM.attributes
                0x00000000       0x22 D:/apps/STM32CubeIDE/plugins/com.st.stm32cube.ide.mcu.externaltools.gnu-tools-for-stm32.12.3.rel1.win32_1.1.0.202410251130/tools/bin/../lib/gcc/arm-none-eabi/12.3.1/thumb/v7e-m+fp/hard/crti.o
 .ARM.attributes
                0x00000022       0x34 D:/apps/STM32CubeIDE/plugins/com.st.stm32cube.ide.mcu.externaltools.gnu-tools-for-stm32.12.3.rel1.win32_1.1.0.202410251130/tools/bin/../lib/gcc/arm-none-eabi/12.3.1/thumb/v7e-m+fp/hard/crtbegin.o
 .ARM.attributes
                0x00000056       0x34 ./Core/Src/main.o
 .ARM.attributes
                0x0000008a       0x34 ./Core/Src/stm32f4xx_hal_msp.o
 .ARM.attributes
                0x000000be       0x34 ./Core/Src/stm32f4xx_it.o
 .ARM.attributes
                0x000000f2       0x34 ./Core/Src/sysmem.o
 .ARM.attributes
                0x00000126       0x34 ./Core/Src/system_stm32f4xx.o
 .ARM.attributes
                0x0000015a       0x21 ./Core/Startup/startup_stm32f412retx.o
 .ARM.attributes
                0x0000017b       0x34 ./Drivers/STM32F4xx_HAL_Driver/Src/stm32f4xx_hal.o
 .ARM.attributes
                0x000001af       0x34 ./Drivers/STM32F4xx_HAL_Driver/Src/stm32f4xx_hal_cortex.o
 .ARM.attributes
                0x000001e3       0x34 ./Drivers/STM32F4xx_HAL_Driver/Src/stm32f4xx_hal_dma.o
 .ARM.attributes
                0x00000217       0x34 ./Drivers/STM32F4xx_HAL_Driver/Src/stm32f4xx_hal_gpio.o
 .ARM.attributes
                0x0000024b       0x34 ./Drivers/STM32F4xx_HAL_Driver/Src/stm32f4xx_hal_i2c.o
 .ARM.attributes
                0x0000027f       0x34 ./Drivers/STM32F4xx_HAL_Driver/Src/stm32f4xx_hal_rcc.o
 .ARM.attributes
                0x000002b3       0x34 ./Drivers/STM32F4xx_HAL_Driver/Src/stm32f4xx_hal_rcc_ex.o
 .ARM.attributes
                0x000002e7       0x34 ./Drivers/STM32F4xx_HAL_Driver/Src/stm32f4xx_hal_tim.o
 .ARM.attributes
                0x0000031b       0x34 ./Drivers/STM32F4xx_HAL_Driver/Src/stm32f4xx_hal_tim_ex.o
 .ARM.attributes
                0x0000034f       0x34 ./Drivers/STM32F4xx_HAL_Driver/Src/stm32f4xx_hal_uart.o
 .ARM.attributes
                0x00000383       0x34 D:/apps/STM32CubeIDE/plugins/com.st.stm32cube.ide.mcu.externaltools.gnu-tools-for-stm32.12.3.rel1.win32_1.1.0.202410251130/tools/bin/../lib/gcc/arm-none-eabi/12.3.1/../../../../arm-none-eabi/lib/thumb/v7e-m+fp/hard\libc_nano.a(libc_a-calloc.o)
 .ARM.attributes
                0x000003b7       0x34 D:/apps/STM32CubeIDE/plugins/com.st.stm32cube.ide.mcu.externaltools.gnu-tools-for-stm32.12.3.rel1.win32_1.1.0.202410251130/tools/bin/../lib/gcc/arm-none-eabi/12.3.1/../../../../arm-none-eabi/lib/thumb/v7e-m+fp/hard\libc_nano.a(libc_a-callocr.o)
 .ARM.attributes
                0x000003eb       0x34 D:/apps/STM32CubeIDE/plugins/com.st.stm32cube.ide.mcu.externaltools.gnu-tools-for-stm32.12.3.rel1.win32_1.1.0.202410251130/tools/bin/../lib/gcc/arm-none-eabi/12.3.1/../../../../arm-none-eabi/lib/thumb/v7e-m+fp/hard\libc_nano.a(libc_a-mallocr.o)
 .ARM.attributes
                0x0000041f       0x34 D:/apps/STM32CubeIDE/plugins/com.st.stm32cube.ide.mcu.externaltools.gnu-tools-for-stm32.12.3.rel1.win32_1.1.0.202410251130/tools/bin/../lib/gcc/arm-none-eabi/12.3.1/../../../../arm-none-eabi/lib/thumb/v7e-m+fp/hard\libc_nano.a(libc_a-mlock.o)
 .ARM.attributes
                0x00000453       0x34 D:/apps/STM32CubeIDE/plugins/com.st.stm32cube.ide.mcu.externaltools.gnu-tools-for-stm32.12.3.rel1.win32_1.1.0.202410251130/tools/bin/../lib/gcc/arm-none-eabi/12.3.1/../../../../arm-none-eabi/lib/thumb/v7e-m+fp/hard\libc_nano.a(libc_a-findfp.o)
 .ARM.attributes
                0x00000487       0x34 D:/apps/STM32CubeIDE/plugins/com.st.stm32cube.ide.mcu.externaltools.gnu-tools-for-stm32.12.3.rel1.win32_1.1.0.202410251130/tools/bin/../lib/gcc/arm-none-eabi/12.3.1/../../../../arm-none-eabi/lib/thumb/v7e-m+fp/hard\libc_nano.a(libc_a-memmove.o)
 .ARM.attributes
                0x000004bb       0x34 D:/apps/STM32CubeIDE/plugins/com.st.stm32cube.ide.mcu.externaltools.gnu-tools-for-stm32.12.3.rel1.win32_1.1.0.202410251130/tools/bin/../lib/gcc/arm-none-eabi/12.3.1/../../../../arm-none-eabi/lib/thumb/v7e-m+fp/hard\libc_nano.a(libc_a-memset.o)
 .ARM.attributes
                0x000004ef       0x34 D:/apps/STM32CubeIDE/plugins/com.st.stm32cube.ide.mcu.externaltools.gnu-tools-for-stm32.12.3.rel1.win32_1.1.0.202410251130/tools/bin/../lib/gcc/arm-none-eabi/12.3.1/../../../../arm-none-eabi/lib/thumb/v7e-m+fp/hard\libc_nano.a(libc_a-reent.o)
 .ARM.attributes
                0x00000523       0x34 D:/apps/STM32CubeIDE/plugins/com.st.stm32cube.ide.mcu.externaltools.gnu-tools-for-stm32.12.3.rel1.win32_1.1.0.202410251130/tools/bin/../lib/gcc/arm-none-eabi/12.3.1/../../../../arm-none-eabi/lib/thumb/v7e-m+fp/hard\libc_nano.a(libc_a-impure.o)
 .ARM.attributes
                0x00000557       0x34 D:/apps/STM32CubeIDE/plugins/com.st.stm32cube.ide.mcu.externaltools.gnu-tools-for-stm32.12.3.rel1.win32_1.1.0.202410251130/tools/bin/../lib/gcc/arm-none-eabi/12.3.1/../../../../arm-none-eabi/lib/thumb/v7e-m+fp/hard\libc_nano.a(libc_a-sbrkr.o)
 .ARM.attributes
                0x0000058b       0x34 D:/apps/STM32CubeIDE/plugins/com.st.stm32cube.ide.mcu.externaltools.gnu-tools-for-stm32.12.3.rel1.win32_1.1.0.202410251130/tools/bin/../lib/gcc/arm-none-eabi/12.3.1/../../../../arm-none-eabi/lib/thumb/v7e-m+fp/hard\libc_nano.a(libc_a-errno.o)
 .ARM.attributes
                0x000005bf       0x34 D:/apps/STM32CubeIDE/plugins/com.st.stm32cube.ide.mcu.externaltools.gnu-tools-for-stm32.12.3.rel1.win32_1.1.0.202410251130/tools/bin/../lib/gcc/arm-none-eabi/12.3.1/../../../../arm-none-eabi/lib/thumb/v7e-m+fp/hard\libc_nano.a(libc_a-init.o)
 .ARM.attributes
                0x000005f3       0x34 D:/apps/STM32CubeIDE/plugins/com.st.stm32cube.ide.mcu.externaltools.gnu-tools-for-stm32.12.3.rel1.win32_1.1.0.202410251130/tools/bin/../lib/gcc/arm-none-eabi/12.3.1/../../../../arm-none-eabi/lib/thumb/v7e-m+fp/hard\libc_nano.a(libc_a-lock.o)
 .ARM.attributes
                0x00000627       0x22 D:/apps/STM32CubeIDE/plugins/com.st.stm32cube.ide.mcu.externaltools.gnu-tools-for-stm32.12.3.rel1.win32_1.1.0.202410251130/tools/bin/../lib/gcc/arm-none-eabi/12.3.1/thumb/v7e-m+fp/hard\libgcc.a(_arm_addsubdf3.o)
 .ARM.attributes
                0x00000649       0x22 D:/apps/STM32CubeIDE/plugins/com.st.stm32cube.ide.mcu.externaltools.gnu-tools-for-stm32.12.3.rel1.win32_1.1.0.202410251130/tools/bin/../lib/gcc/arm-none-eabi/12.3.1/thumb/v7e-m+fp/hard\libgcc.a(_arm_muldivdf3.o)
 .ARM.attributes
                0x0000066b       0x22 D:/apps/STM32CubeIDE/plugins/com.st.stm32cube.ide.mcu.externaltools.gnu-tools-for-stm32.12.3.rel1.win32_1.1.0.202410251130/tools/bin/../lib/gcc/arm-none-eabi/12.3.1/thumb/v7e-m+fp/hard\libgcc.a(_arm_fixdfsi.o)
 .ARM.attributes
                0x0000068d       0x22 D:/apps/STM32CubeIDE/plugins/com.st.stm32cube.ide.mcu.externaltools.gnu-tools-for-stm32.12.3.rel1.win32_1.1.0.202410251130/tools/bin/../lib/gcc/arm-none-eabi/12.3.1/thumb/v7e-m+fp/hard\libgcc.a(_aeabi_uldivmod.o)
 .ARM.attributes
                0x000006af       0x34 D:/apps/STM32CubeIDE/plugins/com.st.stm32cube.ide.mcu.externaltools.gnu-tools-for-stm32.12.3.rel1.win32_1.1.0.202410251130/tools/bin/../lib/gcc/arm-none-eabi/12.3.1/thumb/v7e-m+fp/hard\libgcc.a(_udivmoddi4.o)
 .ARM.attributes
                0x000006e3       0x22 D:/apps/STM32CubeIDE/plugins/com.st.stm32cube.ide.mcu.externaltools.gnu-tools-for-stm32.12.3.rel1.win32_1.1.0.202410251130/tools/bin/../lib/gcc/arm-none-eabi/12.3.1/thumb/v7e-m+fp/hard\libgcc.a(_dvmd_tls.o)
 .ARM.attributes
                0x00000705       0x22 D:/apps/STM32CubeIDE/plugins/com.st.stm32cube.ide.mcu.externaltools.gnu-tools-for-stm32.12.3.rel1.win32_1.1.0.202410251130/tools/bin/../lib/gcc/arm-none-eabi/12.3.1/thumb/v7e-m+fp/hard/crtn.o
OUTPUT(aw_pcb.elf elf32-littlearm)
LOAD linker stubs
LOAD D:/apps/STM32CubeIDE/plugins/com.st.stm32cube.ide.mcu.externaltools.gnu-tools-for-stm32.12.3.rel1.win32_1.1.0.202410251130/tools/bin/../lib/gcc/arm-none-eabi/12.3.1/../../../../arm-none-eabi/lib/thumb/v7e-m+fp/hard\libc.a
LOAD D:/apps/STM32CubeIDE/plugins/com.st.stm32cube.ide.mcu.externaltools.gnu-tools-for-stm32.12.3.rel1.win32_1.1.0.202410251130/tools/bin/../lib/gcc/arm-none-eabi/12.3.1/../../../../arm-none-eabi/lib/thumb/v7e-m+fp/hard\libm.a
LOAD D:/apps/STM32CubeIDE/plugins/com.st.stm32cube.ide.mcu.externaltools.gnu-tools-for-stm32.12.3.rel1.win32_1.1.0.202410251130/tools/bin/../lib/gcc/arm-none-eabi/12.3.1/thumb/v7e-m+fp/hard\libgcc.a

.debug_info     0x00000000    0x125df
 .debug_info    0x00000000     0x3798 ./Core/Src/main.o
 .debug_info    0x00003798     0x140e ./Core/Src/stm32f4xx_hal_msp.o
 .debug_info    0x00004ba6      0x9d6 ./Core/Src/stm32f4xx_it.o
 .debug_info    0x0000557c      0x168 ./Core/Src/sysmem.o
 .debug_info    0x000056e4      0x54a ./Core/Src/system_stm32f4xx.o
 .debug_info    0x00005c2e       0x30 ./Core/Startup/startup_stm32f412retx.o
 .debug_info    0x00005c5e      0x96a ./Drivers/STM32F4xx_HAL_Driver/Src/stm32f4xx_hal.o
 .debug_info    0x000065c8      0xd7a ./Drivers/STM32F4xx_HAL_Driver/Src/stm32f4xx_hal_cortex.o
 .debug_info    0x00007342      0x8e7 ./Drivers/STM32F4xx_HAL_Driver/Src/stm32f4xx_hal_dma.o
 .debug_info    0x00007c29      0x70b ./Drivers/STM32F4xx_HAL_Driver/Src/stm32f4xx_hal_gpio.o
 .debug_info    0x00008334     0x2421 ./Drivers/STM32F4xx_HAL_Driver/Src/stm32f4xx_hal_i2c.o
 .debug_info    0x0000a755      0x8ff ./Drivers/STM32F4xx_HAL_Driver/Src/stm32f4xx_hal_rcc.o
 .debug_info    0x0000b054      0x7c4 ./Drivers/STM32F4xx_HAL_Driver/Src/stm32f4xx_hal_rcc_ex.o
 .debug_info    0x0000b818     0x299d ./Drivers/STM32F4xx_HAL_Driver/Src/stm32f4xx_hal_tim.o
 .debug_info    0x0000e1b5     0x14db ./Drivers/STM32F4xx_HAL_Driver/Src/stm32f4xx_hal_tim_ex.o
 .debug_info    0x0000f690     0x2f4f ./Drivers/STM32F4xx_HAL_Driver/Src/stm32f4xx_hal_uart.o

.debug_abbrev   0x00000000     0x23d2
 .debug_abbrev  0x00000000      0x51b ./Core/Src/main.o
 .debug_abbrev  0x0000051b      0x260 ./Core/Src/stm32f4xx_hal_msp.o
 .debug_abbrev  0x0000077b      0x19b ./Core/Src/stm32f4xx_it.o
 .debug_abbrev  0x00000916       0xbc ./Core/Src/sysmem.o
 .debug_abbrev  0x000009d2      0x11a ./Core/Src/system_stm32f4xx.o
 .debug_abbrev  0x00000aec       0x24 ./Core/Startup/startup_stm32f412retx.o
 .debug_abbrev  0x00000b10      0x214 ./Drivers/STM32F4xx_HAL_Driver/Src/stm32f4xx_hal.o
 .debug_abbrev  0x00000d24      0x31d ./Drivers/STM32F4xx_HAL_Driver/Src/stm32f4xx_hal_cortex.o
 .debug_abbrev  0x00001041      0x264 ./Drivers/STM32F4xx_HAL_Driver/Src/stm32f4xx_hal_dma.o
 .debug_abbrev  0x000012a5      0x1d4 ./Drivers/STM32F4xx_HAL_Driver/Src/stm32f4xx_hal_gpio.o
 .debug_abbrev  0x00001479      0x2ad ./Drivers/STM32F4xx_HAL_Driver/Src/stm32f4xx_hal_i2c.o
 .debug_abbrev  0x00001726      0x2b7 ./Drivers/STM32F4xx_HAL_Driver/Src/stm32f4xx_hal_rcc.o
 .debug_abbrev  0x000019dd      0x1ec ./Drivers/STM32F4xx_HAL_Driver/Src/stm32f4xx_hal_rcc_ex.o
 .debug_abbrev  0x00001bc9      0x278 ./Drivers/STM32F4xx_HAL_Driver/Src/stm32f4xx_hal_tim.o
 .debug_abbrev  0x00001e41      0x283 ./Drivers/STM32F4xx_HAL_Driver/Src/stm32f4xx_hal_tim_ex.o
 .debug_abbrev  0x000020c4      0x30e ./Drivers/STM32F4xx_HAL_Driver/Src/stm32f4xx_hal_uart.o

.debug_aranges  0x00000000     0x1178
 .debug_aranges
                0x00000000      0x250 ./Core/Src/main.o
 .debug_aranges
                0x00000250       0x60 ./Core/Src/stm32f4xx_hal_msp.o
 .debug_aranges
                0x000002b0       0x80 ./Core/Src/stm32f4xx_it.o
 .debug_aranges
                0x00000330       0x20 ./Core/Src/sysmem.o
 .debug_aranges
                0x00000350       0x28 ./Core/Src/system_stm32f4xx.o
 .debug_aranges
                0x00000378       0x28 ./Core/Startup/startup_stm32f412retx.o
 .debug_aranges
                0x000003a0       0xf0 ./Drivers/STM32F4xx_HAL_Driver/Src/stm32f4xx_hal.o
 .debug_aranges
                0x00000490      0x130 ./Drivers/STM32F4xx_HAL_Driver/Src/stm32f4xx_hal_cortex.o
 .debug_aranges
                0x000005c0       0x90 ./Drivers/STM32F4xx_HAL_Driver/Src/stm32f4xx_hal_dma.o
 .debug_aranges
                0x00000650       0x58 ./Drivers/STM32F4xx_HAL_Driver/Src/stm32f4xx_hal_gpio.o
 .debug_aranges
                0x000006a8      0x2a8 ./Drivers/STM32F4xx_HAL_Driver/Src/stm32f4xx_hal_i2c.o
 .debug_aranges
                0x00000950       0x88 ./Drivers/STM32F4xx_HAL_Driver/Src/stm32f4xx_hal_rcc.o
 .debug_aranges
                0x000009d8       0x60 ./Drivers/STM32F4xx_HAL_Driver/Src/stm32f4xx_hal_rcc_ex.o
 .debug_aranges
                0x00000a38      0x3d0 ./Drivers/STM32F4xx_HAL_Driver/Src/stm32f4xx_hal_tim.o
 .debug_aranges
                0x00000e08      0x168 ./Drivers/STM32F4xx_HAL_Driver/Src/stm32f4xx_hal_tim_ex.o
 .debug_aranges
                0x00000f70      0x208 ./Drivers/STM32F4xx_HAL_Driver/Src/stm32f4xx_hal_uart.o

.debug_rnglists
                0x00000000      0xdd0
 .debug_rnglists
                0x00000000      0x1c3 ./Core/Src/main.o
 .debug_rnglists
                0x000001c3       0x47 ./Core/Src/stm32f4xx_hal_msp.o
 .debug_rnglists
                0x0000020a       0x5b ./Core/Src/stm32f4xx_it.o
 .debug_rnglists
                0x00000265       0x13 ./Core/Src/sysmem.o
 .debug_rnglists
                0x00000278       0x1a ./Core/Src/system_stm32f4xx.o
 .debug_rnglists
                0x00000292       0x19 ./Core/Startup/startup_stm32f412retx.o
 .debug_rnglists
                0x000002ab       0xaf ./Drivers/STM32F4xx_HAL_Driver/Src/stm32f4xx_hal.o
 .debug_rnglists
                0x0000035a       0xe0 ./Drivers/STM32F4xx_HAL_Driver/Src/stm32f4xx_hal_cortex.o
 .debug_rnglists
                0x0000043a       0x70 ./Drivers/STM32F4xx_HAL_Driver/Src/stm32f4xx_hal_dma.o
 .debug_rnglists
                0x000004aa       0x3f ./Drivers/STM32F4xx_HAL_Driver/Src/stm32f4xx_hal_gpio.o
 .debug_rnglists
                0x000004e9      0x23c ./Drivers/STM32F4xx_HAL_Driver/Src/stm32f4xx_hal_i2c.o
 .debug_rnglists
                0x00000725       0x66 ./Drivers/STM32F4xx_HAL_Driver/Src/stm32f4xx_hal_rcc.o
 .debug_rnglists
                0x0000078b       0x4a ./Drivers/STM32F4xx_HAL_Driver/Src/stm32f4xx_hal_rcc_ex.o
 .debug_rnglists
                0x000007d5      0x31a ./Drivers/STM32F4xx_HAL_Driver/Src/stm32f4xx_hal_tim.o
 .debug_rnglists
                0x00000aef      0x125 ./Drivers/STM32F4xx_HAL_Driver/Src/stm32f4xx_hal_tim_ex.o
 .debug_rnglists
                0x00000c14      0x1bc ./Drivers/STM32F4xx_HAL_Driver/Src/stm32f4xx_hal_uart.o

.debug_macro    0x00000000    0x202d6
 .debug_macro   0x00000000      0x385 ./Core/Src/main.o
 .debug_macro   0x00000385      0xab4 ./Core/Src/main.o
 .debug_macro   0x00000e39      0x2a1 ./Core/Src/main.o
 .debug_macro   0x000010da       0x2e ./Core/Src/main.o
 .debug_macro   0x00001108       0x28 ./Core/Src/main.o
 .debug_macro   0x00001130       0x22 ./Core/Src/main.o
 .debug_macro   0x00001152       0x8e ./Core/Src/main.o
 .debug_macro   0x000011e0       0x51 ./Core/Src/main.o
 .debug_macro   0x00001231      0x103 ./Core/Src/main.o
 .debug_macro   0x00001334       0x6a ./Core/Src/main.o
 .debug_macro   0x0000139e      0x1df ./Core/Src/main.o
 .debug_macro   0x0000157d       0x1c ./Core/Src/main.o
 .debug_macro   0x00001599       0x22 ./Core/Src/main.o
 .debug_macro   0x000015bb       0xfb ./Core/Src/main.o
 .debug_macro   0x000016b6     0x1011 ./Core/Src/main.o
 .debug_macro   0x000026c7      0x11f ./Core/Src/main.o
 .debug_macro   0x000027e6    0x146b1 ./Core/Src/main.o
 .debug_macro   0x00016e97       0x6d ./Core/Src/main.o
 .debug_macro   0x00016f04     0x3693 ./Core/Src/main.o
 .debug_macro   0x0001a597      0x189 ./Core/Src/main.o
 .debug_macro   0x0001a720       0x5c ./Core/Src/main.o
 .debug_macro   0x0001a77c      0x902 ./Core/Src/main.o
 .debug_macro   0x0001b07e      0x9e9 ./Core/Src/main.o
 .debug_macro   0x0001ba67      0x115 ./Core/Src/main.o
 .debug_macro   0x0001bb7c      0x192 ./Core/Src/main.o
 .debug_macro   0x0001bd0e       0xa5 ./Core/Src/main.o
 .debug_macro   0x0001bdb3      0x158 ./Core/Src/main.o
 .debug_macro   0x0001bf0b      0x287 ./Core/Src/main.o
 .debug_macro   0x0001c192       0x5f ./Core/Src/main.o
 .debug_macro   0x0001c1f1      0x236 ./Core/Src/main.o
 .debug_macro   0x0001c427      0x132 ./Core/Src/main.o
 .debug_macro   0x0001c559      0x29c ./Core/Src/main.o
 .debug_macro   0x0001c7f5       0x2e ./Core/Src/main.o
 .debug_macro   0x0001c823      0x1b5 ./Core/Src/main.o
 .debug_macro   0x0001c9d8       0x22 ./Core/Src/main.o
 .debug_macro   0x0001c9fa       0xd6 ./Core/Src/main.o
 .debug_macro   0x0001cad0      0x127 ./Core/Src/main.o
 .debug_macro   0x0001cbf7       0x91 ./Core/Src/main.o
 .debug_macro   0x0001cc88       0x89 ./Core/Src/main.o
 .debug_macro   0x0001cd11      0x8ed ./Core/Src/main.o
 .debug_macro   0x0001d5fe       0x4d ./Core/Src/main.o
 .debug_macro   0x0001d64b      0x2aa ./Core/Src/main.o
 .debug_macro   0x0001d8f5      0x126 ./Core/Src/main.o
 .debug_macro   0x0001da1b       0x70 ./Core/Src/main.o
 .debug_macro   0x0001da8b       0x2a ./Core/Src/main.o
 .debug_macro   0x0001dab5       0x61 ./Core/Src/main.o
 .debug_macro   0x0001db16       0x43 ./Core/Src/main.o
 .debug_macro   0x0001db59       0x34 ./Core/Src/main.o
 .debug_macro   0x0001db8d       0x16 ./Core/Src/main.o
 .debug_macro   0x0001dba3       0x35 ./Core/Src/main.o
 .debug_macro   0x0001dbd8       0x16 ./Core/Src/main.o
 .debug_macro   0x0001dbee       0x43 ./Core/Src/main.o
 .debug_macro   0x0001dc31       0x34 ./Core/Src/main.o
 .debug_macro   0x0001dc65       0x10 ./Core/Src/main.o
 .debug_macro   0x0001dc75       0x58 ./Core/Src/main.o
 .debug_macro   0x0001dccd       0x8e ./Core/Src/main.o
 .debug_macro   0x0001dd5b       0x1c ./Core/Src/main.o
 .debug_macro   0x0001dd77      0x177 ./Core/Src/main.o
 .debug_macro   0x0001deee      0x369 ./Core/Src/main.o
 .debug_macro   0x0001e257       0x16 ./Core/Src/main.o
 .debug_macro   0x0001e26d       0x29 ./Core/Src/main.o
 .debug_macro   0x0001e296       0x16 ./Core/Src/main.o
 .debug_macro   0x0001e2ac       0x20 ./Core/Src/main.o
 .debug_macro   0x0001e2cc       0xca ./Core/Src/main.o
 .debug_macro   0x0001e396       0x16 ./Core/Src/main.o
 .debug_macro   0x0001e3ac       0x29 ./Core/Src/main.o
 .debug_macro   0x0001e3d5      0x17e ./Core/Src/main.o
 .debug_macro   0x0001e553       0x16 ./Core/Src/main.o
 .debug_macro   0x0001e569       0x1c ./Core/Src/main.o
 .debug_macro   0x0001e585       0x53 ./Core/Src/main.o
 .debug_macro   0x0001e5d8      0x1f6 ./Core/Src/stm32f4xx_hal_msp.o
 .debug_macro   0x0001e7ce      0x200 ./Core/Src/stm32f4xx_it.o
 .debug_macro   0x0001e9ce       0xff ./Core/Src/sysmem.o
 .debug_macro   0x0001eacd      0x23c ./Core/Src/sysmem.o
 .debug_macro   0x0001ed09      0x1e7 ./Core/Src/system_stm32f4xx.o
 .debug_macro   0x0001eef0      0x247 ./Drivers/STM32F4xx_HAL_Driver/Src/stm32f4xx_hal.o
 .debug_macro   0x0001f137      0x1e7 ./Drivers/STM32F4xx_HAL_Driver/Src/stm32f4xx_hal_cortex.o
 .debug_macro   0x0001f31e      0x1ed ./Drivers/STM32F4xx_HAL_Driver/Src/stm32f4xx_hal_dma.o
 .debug_macro   0x0001f50b      0x1ed ./Drivers/STM32F4xx_HAL_Driver/Src/stm32f4xx_hal_gpio.o
 .debug_macro   0x0001f6f8      0x235 ./Drivers/STM32F4xx_HAL_Driver/Src/stm32f4xx_hal_i2c.o
 .debug_macro   0x0001f92d      0x20b ./Drivers/STM32F4xx_HAL_Driver/Src/stm32f4xx_hal_rcc.o
 .debug_macro   0x0001fb38      0x1e7 ./Drivers/STM32F4xx_HAL_Driver/Src/stm32f4xx_hal_rcc_ex.o
 .debug_macro   0x0001fd1f      0x1e8 ./Drivers/STM32F4xx_HAL_Driver/Src/stm32f4xx_hal_tim.o
 .debug_macro   0x0001ff07      0x1e7 ./Drivers/STM32F4xx_HAL_Driver/Src/stm32f4xx_hal_tim_ex.o
 .debug_macro   0x000200ee      0x1e8 ./Drivers/STM32F4xx_HAL_Driver/Src/stm32f4xx_hal_uart.o

.debug_line     0x00000000    0x14412
 .debug_line    0x00000000     0x1ca9 ./Core/Src/main.o
 .debug_line    0x00001ca9      0x947 ./Core/Src/stm32f4xx_hal_msp.o
 .debug_line    0x000025f0      0x87f ./Core/Src/stm32f4xx_it.o
 .debug_line    0x00002e6f      0x534 ./Core/Src/sysmem.o
 .debug_line    0x000033a3      0x7d2 ./Core/Src/system_stm32f4xx.o
 .debug_line    0x00003b75       0x7a ./Core/Startup/startup_stm32f412retx.o
 .debug_line    0x00003bef      0xa4a ./Drivers/STM32F4xx_HAL_Driver/Src/stm32f4xx_hal.o
 .debug_line    0x00004639      0xd3c ./Drivers/STM32F4xx_HAL_Driver/Src/stm32f4xx_hal_cortex.o
 .debug_line    0x00005375      0xfba ./Drivers/STM32F4xx_HAL_Driver/Src/stm32f4xx_hal_dma.o
 .debug_line    0x0000632f      0xb86 ./Drivers/STM32F4xx_HAL_Driver/Src/stm32f4xx_hal_gpio.o
 .debug_line    0x00006eb5     0x3b8b ./Drivers/STM32F4xx_HAL_Driver/Src/stm32f4xx_hal_i2c.o
 .debug_line    0x0000aa40      0xddf ./Drivers/STM32F4xx_HAL_Driver/Src/stm32f4xx_hal_rcc.o
 .debug_line    0x0000b81f     0x1080 ./Drivers/STM32F4xx_HAL_Driver/Src/stm32f4xx_hal_rcc_ex.o
 .debug_line    0x0000c89f     0x37e6 ./Drivers/STM32F4xx_HAL_Driver/Src/stm32f4xx_hal_tim.o
 .debug_line    0x00010085     0x1a40 ./Drivers/STM32F4xx_HAL_Driver/Src/stm32f4xx_hal_tim_ex.o
 .debug_line    0x00011ac5     0x294d ./Drivers/STM32F4xx_HAL_Driver/Src/stm32f4xx_hal_uart.o

.debug_str      0x00000000    0xc68b6
 .debug_str     0x00000000    0xc2bc6 ./Core/Src/main.o
                              0xc30e7 (size before relaxing)
 .debug_str     0x000c2bc6      0x141 ./Core/Src/stm32f4xx_hal_msp.o
                              0xbd8c9 (size before relaxing)
 .debug_str     0x000c2d07      0x16a ./Core/Src/stm32f4xx_it.o
                              0xbcfa6 (size before relaxing)
 .debug_str     0x000c2e71      0x4f1 ./Core/Src/sysmem.o
                               0x60bb (size before relaxing)
 .debug_str     0x000c3362       0xf0 ./Core/Src/system_stm32f4xx.o
                              0xbc712 (size before relaxing)
 .debug_str     0x000c3452       0x44 ./Core/Startup/startup_stm32f412retx.o
                                 0x59 (size before relaxing)
 .debug_str     0x000c3496      0x622 ./Drivers/STM32F4xx_HAL_Driver/Src/stm32f4xx_hal.o
                              0xbd270 (size before relaxing)
 .debug_str     0x000c3ab8      0x376 ./Drivers/STM32F4xx_HAL_Driver/Src/stm32f4xx_hal_cortex.o
                              0xbcfc8 (size before relaxing)
 .debug_str     0x000c3e2e      0x2fb ./Drivers/STM32F4xx_HAL_Driver/Src/stm32f4xx_hal_dma.o
                              0xbcb08 (size before relaxing)
 .debug_str     0x000c4129      0x120 ./Drivers/STM32F4xx_HAL_Driver/Src/stm32f4xx_hal_gpio.o
                              0xbc893 (size before relaxing)
 .debug_str     0x000c4249      0xb05 ./Drivers/STM32F4xx_HAL_Driver/Src/stm32f4xx_hal_i2c.o
                              0xbd711 (size before relaxing)
 .debug_str     0x000c4d4e      0x228 ./Drivers/STM32F4xx_HAL_Driver/Src/stm32f4xx_hal_rcc.o
                              0xbcb4b (size before relaxing)
 .debug_str     0x000c4f76      0x24a ./Drivers/STM32F4xx_HAL_Driver/Src/stm32f4xx_hal_rcc_ex.o
                              0xbca4b (size before relaxing)
 .debug_str     0x000c51c0      0xd1c ./Drivers/STM32F4xx_HAL_Driver/Src/stm32f4xx_hal_tim.o
                              0xbda78 (size before relaxing)
 .debug_str     0x000c5edc      0x4a8 ./Drivers/STM32F4xx_HAL_Driver/Src/stm32f4xx_hal_tim_ex.o
                              0xbd284 (size before relaxing)
 .debug_str     0x000c6384      0x532 ./Drivers/STM32F4xx_HAL_Driver/Src/stm32f4xx_hal_uart.o
                              0xbd103 (size before relaxing)

.comment        0x00000000       0x43
 .comment       0x00000000       0x43 ./Core/Src/main.o
                                 0x44 (size before relaxing)
 .comment       0x00000043       0x44 ./Core/Src/stm32f4xx_hal_msp.o
 .comment       0x00000043       0x44 ./Core/Src/stm32f4xx_it.o
 .comment       0x00000043       0x44 ./Core/Src/sysmem.o
 .comment       0x00000043       0x44 ./Core/Src/system_stm32f4xx.o
 .comment       0x00000043       0x44 ./Drivers/STM32F4xx_HAL_Driver/Src/stm32f4xx_hal.o
 .comment       0x00000043       0x44 ./Drivers/STM32F4xx_HAL_Driver/Src/stm32f4xx_hal_cortex.o
 .comment       0x00000043       0x44 ./Drivers/STM32F4xx_HAL_Driver/Src/stm32f4xx_hal_dma.o
 .comment       0x00000043       0x44 ./Drivers/STM32F4xx_HAL_Driver/Src/stm32f4xx_hal_gpio.o
 .comment       0x00000043       0x44 ./Drivers/STM32F4xx_HAL_Driver/Src/stm32f4xx_hal_i2c.o
 .comment       0x00000043       0x44 ./Drivers/STM32F4xx_HAL_Driver/Src/stm32f4xx_hal_rcc.o
 .comment       0x00000043       0x44 ./Drivers/STM32F4xx_HAL_Driver/Src/stm32f4xx_hal_rcc_ex.o
 .comment       0x00000043       0x44 ./Drivers/STM32F4xx_HAL_Driver/Src/stm32f4xx_hal_tim.o
 .comment       0x00000043       0x44 ./Drivers/STM32F4xx_HAL_Driver/Src/stm32f4xx_hal_tim_ex.o
 .comment       0x00000043       0x44 ./Drivers/STM32F4xx_HAL_Driver/Src/stm32f4xx_hal_uart.o

.debug_frame    0x00000000     0x5044
 .debug_frame   0x00000000      0xa68 ./Core/Src/main.o
 .debug_frame   0x00000a68      0x15c ./Core/Src/stm32f4xx_hal_msp.o
 .debug_frame   0x00000bc4      0x174 ./Core/Src/stm32f4xx_it.o
 .debug_frame   0x00000d38       0x34 ./Core/Src/sysmem.o
 .debug_frame   0x00000d6c       0x58 ./Core/Src/system_stm32f4xx.o
 .debug_frame   0x00000dc4      0x374 ./Drivers/STM32F4xx_HAL_Driver/Src/stm32f4xx_hal.o
 .debug_frame   0x00001138      0x508 ./Drivers/STM32F4xx_HAL_Driver/Src/stm32f4xx_hal_cortex.o
 .debug_frame   0x00001640      0x250 ./Drivers/STM32F4xx_HAL_Driver/Src/stm32f4xx_hal_dma.o
 .debug_frame   0x00001890      0x14c ./Drivers/STM32F4xx_HAL_Driver/Src/stm32f4xx_hal_gpio.o
 .debug_frame   0x000019dc      0xc84 ./Drivers/STM32F4xx_HAL_Driver/Src/stm32f4xx_hal_i2c.o
 .debug_frame   0x00002660      0x1f4 ./Drivers/STM32F4xx_HAL_Driver/Src/stm32f4xx_hal_rcc.o
 .debug_frame   0x00002854      0x16c ./Drivers/STM32F4xx_HAL_Driver/Src/stm32f4xx_hal_rcc_ex.o
 .debug_frame   0x000029c0     0x11c0 ./Drivers/STM32F4xx_HAL_Driver/Src/stm32f4xx_hal_tim.o
 .debug_frame   0x00003b80      0x638 ./Drivers/STM32F4xx_HAL_Driver/Src/stm32f4xx_hal_tim_ex.o
 .debug_frame   0x000041b8      0x954 ./Drivers/STM32F4xx_HAL_Driver/Src/stm32f4xx_hal_uart.o
 .debug_frame   0x00004b0c       0x20 D:/apps/STM32CubeIDE/plugins/com.st.stm32cube.ide.mcu.externaltools.gnu-tools-for-stm32.12.3.rel1.win32_1.1.0.202410251130/tools/bin/../lib/gcc/arm-none-eabi/12.3.1/../../../../arm-none-eabi/lib/thumb/v7e-m+fp/hard\libc_nano.a(libc_a-calloc.o)
 .debug_frame   0x00004b2c       0x2c D:/apps/STM32CubeIDE/plugins/com.st.stm32cube.ide.mcu.externaltools.gnu-tools-for-stm32.12.3.rel1.win32_1.1.0.202410251130/tools/bin/../lib/gcc/arm-none-eabi/12.3.1/../../../../arm-none-eabi/lib/thumb/v7e-m+fp/hard\libc_nano.a(libc_a-callocr.o)
 .debug_frame   0x00004b58       0x50 D:/apps/STM32CubeIDE/plugins/com.st.stm32cube.ide.mcu.externaltools.gnu-tools-for-stm32.12.3.rel1.win32_1.1.0.202410251130/tools/bin/../lib/gcc/arm-none-eabi/12.3.1/../../../../arm-none-eabi/lib/thumb/v7e-m+fp/hard\libc_nano.a(libc_a-mallocr.o)
 .debug_frame   0x00004ba8       0x30 D:/apps/STM32CubeIDE/plugins/com.st.stm32cube.ide.mcu.externaltools.gnu-tools-for-stm32.12.3.rel1.win32_1.1.0.202410251130/tools/bin/../lib/gcc/arm-none-eabi/12.3.1/../../../../arm-none-eabi/lib/thumb/v7e-m+fp/hard\libc_nano.a(libc_a-mlock.o)
 .debug_frame   0x00004bd8      0x144 D:/apps/STM32CubeIDE/plugins/com.st.stm32cube.ide.mcu.externaltools.gnu-tools-for-stm32.12.3.rel1.win32_1.1.0.202410251130/tools/bin/../lib/gcc/arm-none-eabi/12.3.1/../../../../arm-none-eabi/lib/thumb/v7e-m+fp/hard\libc_nano.a(libc_a-findfp.o)
 .debug_frame   0x00004d1c       0x28 D:/apps/STM32CubeIDE/plugins/com.st.stm32cube.ide.mcu.externaltools.gnu-tools-for-stm32.12.3.rel1.win32_1.1.0.202410251130/tools/bin/../lib/gcc/arm-none-eabi/12.3.1/../../../../arm-none-eabi/lib/thumb/v7e-m+fp/hard\libc_nano.a(libc_a-memmove.o)
 .debug_frame   0x00004d44       0x20 D:/apps/STM32CubeIDE/plugins/com.st.stm32cube.ide.mcu.externaltools.gnu-tools-for-stm32.12.3.rel1.win32_1.1.0.202410251130/tools/bin/../lib/gcc/arm-none-eabi/12.3.1/../../../../arm-none-eabi/lib/thumb/v7e-m+fp/hard\libc_nano.a(libc_a-memset.o)
 .debug_frame   0x00004d64       0x38 D:/apps/STM32CubeIDE/plugins/com.st.stm32cube.ide.mcu.externaltools.gnu-tools-for-stm32.12.3.rel1.win32_1.1.0.202410251130/tools/bin/../lib/gcc/arm-none-eabi/12.3.1/../../../../arm-none-eabi/lib/thumb/v7e-m+fp/hard\libc_nano.a(libc_a-reent.o)
 .debug_frame   0x00004d9c       0x2c D:/apps/STM32CubeIDE/plugins/com.st.stm32cube.ide.mcu.externaltools.gnu-tools-for-stm32.12.3.rel1.win32_1.1.0.202410251130/tools/bin/../lib/gcc/arm-none-eabi/12.3.1/../../../../arm-none-eabi/lib/thumb/v7e-m+fp/hard\libc_nano.a(libc_a-sbrkr.o)
 .debug_frame   0x00004dc8       0x20 D:/apps/STM32CubeIDE/plugins/com.st.stm32cube.ide.mcu.externaltools.gnu-tools-for-stm32.12.3.rel1.win32_1.1.0.202410251130/tools/bin/../lib/gcc/arm-none-eabi/12.3.1/../../../../arm-none-eabi/lib/thumb/v7e-m+fp/hard\libc_nano.a(libc_a-errno.o)
 .debug_frame   0x00004de8       0x2c D:/apps/STM32CubeIDE/plugins/com.st.stm32cube.ide.mcu.externaltools.gnu-tools-for-stm32.12.3.rel1.win32_1.1.0.202410251130/tools/bin/../lib/gcc/arm-none-eabi/12.3.1/../../../../arm-none-eabi/lib/thumb/v7e-m+fp/hard\libc_nano.a(libc_a-init.o)
 .debug_frame   0x00004e14       0xb0 D:/apps/STM32CubeIDE/plugins/com.st.stm32cube.ide.mcu.externaltools.gnu-tools-for-stm32.12.3.rel1.win32_1.1.0.202410251130/tools/bin/../lib/gcc/arm-none-eabi/12.3.1/../../../../arm-none-eabi/lib/thumb/v7e-m+fp/hard\libc_nano.a(libc_a-lock.o)
 .debug_frame   0x00004ec4       0xac D:/apps/STM32CubeIDE/plugins/com.st.stm32cube.ide.mcu.externaltools.gnu-tools-for-stm32.12.3.rel1.win32_1.1.0.202410251130/tools/bin/../lib/gcc/arm-none-eabi/12.3.1/thumb/v7e-m+fp/hard\libgcc.a(_arm_addsubdf3.o)
 .debug_frame   0x00004f70       0x50 D:/apps/STM32CubeIDE/plugins/com.st.stm32cube.ide.mcu.externaltools.gnu-tools-for-stm32.12.3.rel1.win32_1.1.0.202410251130/tools/bin/../lib/gcc/arm-none-eabi/12.3.1/thumb/v7e-m+fp/hard\libgcc.a(_arm_muldivdf3.o)
 .debug_frame   0x00004fc0       0x24 D:/apps/STM32CubeIDE/plugins/com.st.stm32cube.ide.mcu.externaltools.gnu-tools-for-stm32.12.3.rel1.win32_1.1.0.202410251130/tools/bin/../lib/gcc/arm-none-eabi/12.3.1/thumb/v7e-m+fp/hard\libgcc.a(_arm_fixdfsi.o)
 .debug_frame   0x00004fe4       0x2c D:/apps/STM32CubeIDE/plugins/com.st.stm32cube.ide.mcu.externaltools.gnu-tools-for-stm32.12.3.rel1.win32_1.1.0.202410251130/tools/bin/../lib/gcc/arm-none-eabi/12.3.1/thumb/v7e-m+fp/hard\libgcc.a(_aeabi_uldivmod.o)
 .debug_frame   0x00005010       0x34 D:/apps/STM32CubeIDE/plugins/com.st.stm32cube.ide.mcu.externaltools.gnu-tools-for-stm32.12.3.rel1.win32_1.1.0.202410251130/tools/bin/../lib/gcc/arm-none-eabi/12.3.1/thumb/v7e-m+fp/hard\libgcc.a(_udivmoddi4.o)

.debug_line_str
                0x00000000       0x3d
 .debug_line_str
                0x00000000       0x3d ./Core/Startup/startup_stm32f412retx.o
