D:/code/aw_pcb/Core/Inc/src/automated_winch/../base/base_arena.h:24:1:arena_alloc	24	static
D:/code/aw_pcb/Core/Inc/src/automated_winch/../base/base_arena.h:34:1:arena_release	16	static
D:/code/aw_pcb/Core/Inc/src/automated_winch/../base/base_arena.h:40:1:arena_push	24	static
D:/code/aw_pcb/Core/Inc/src/automated_winch/../base/base_arena.h:49:1:arena_pop_to	16	static
D:/code/aw_pcb/Core/Inc/src/automated_winch/../base/base_arena.h:56:1:temp_begin	24	static
D:/code/aw_pcb/Core/Inc/src/automated_winch/../base/base_arena.h:63:1:temp_end	16	static
D:/code/aw_pcb/Core/Inc/src/automated_winch/../base/base_math.h:6:1:sdbm_checksum	24	static
D:/code/aw_pcb/Core/Inc/src/automated_winch/../base/base_math.h:28:1:rng2f32	48	static
D:/code/aw_pcb/Core/Inc/src/automated_winch/../base/base_math.h:35:1:clamp_rng2f32	32	static
D:/code/aw_pcb/Core/Inc/src/automated_winch/../os/stm32/os_stm32_core.h:18:1:os_gpio_init	24	static
D:/code/aw_pcb/Core/Inc/src/automated_winch/../os/stm32/os_stm32_core.h:26:1:os_gpio_write	16	static
D:/code/aw_pcb/Core/Inc/src/automated_winch/../os/stm32/os_stm32_core.h:32:1:os_gpio_read	24	static
D:/code/aw_pcb/Core/Inc/src/automated_winch/../os/stm32/os_stm32_core.h:54:1:os_i2c_init	24	static
D:/code/aw_pcb/Core/Inc/src/automated_winch/../os/stm32/os_stm32_core.h:76:1:os_i2c_write_register8	48	static
D:/code/aw_pcb/Core/Inc/src/automated_winch/../os/stm32/os_stm32_core.h:83:1:os_i2c_read_register8	48	static
D:/code/aw_pcb/Core/Inc/src/automated_winch/../os/stm32/os_stm32_core.h:107:1:os_timer_init	24	static
D:/code/aw_pcb/Core/Inc/src/automated_winch/../os/stm32/os_stm32_core.h:117:1:os_timer_start	16	static
D:/code/aw_pcb/Core/Inc/src/automated_winch/../os/stm32/os_stm32_core.h:129:1:os_timer_get_counter_32	24	static
D:/code/aw_pcb/Core/Inc/src/automated_winch/../os/stm32/os_stm32_core.h:136:1:os_timer_set_counter_32	16	static
D:/code/aw_pcb/Core/Inc/src/automated_winch/../os/stm32/os_stm32_core.h:161:1:os_timer_it_init	24	static
D:/code/aw_pcb/Core/Inc/src/automated_winch/../os/stm32/os_stm32_core.h:170:1:os_timer_it_start	16	static
D:/code/aw_pcb/Core/Inc/src/automated_winch/../os/stm32/os_stm32_core.h:182:1:os_timer_it_handle	16	static
D:/code/aw_pcb/Core/Inc/src/automated_winch/../os/stm32/os_stm32_core.h:199:1:os_uart_init	24	static
D:/code/aw_pcb/Core/Inc/src/automated_winch/../os/stm32/os_stm32_core.h:207:1:os_uart_send	32	static
D:/code/aw_pcb/Core/Inc/src/automated_winch/../os/stm32/os_stm32_core.h:214:1:os_uart_receive	24	static
D:/code/aw_pcb/Core/Inc/src/automated_winch/../os/stm32/os_stm32_core.h:220:1:os_uart_send_dma	32	static
D:/code/aw_pcb/Core/Inc/src/automated_winch/../os/stm32/os_stm32_core.h:227:1:os_uart_receive_to_idle_dma	24	static
D:/code/aw_pcb/Core/Inc/src/automated_winch/../os/stm32/os_stm32_core.h:233:1:os_uart_handle	16	static
D:/code/aw_pcb/Core/Inc/src/automated_winch/sensors/ads1115_ads1015.h:96:1:ADS1115_init	24	static
D:/code/aw_pcb/Core/Inc/src/automated_winch/sensors/ads1115_ads1015.h:106:1:ADS1115_read_adc_diff_01	32	static
D:/code/aw_pcb/Core/Inc/src/automated_winch/sensors/tas501.h:15:1:TAS501_init	24	static
D:/code/aw_pcb/Core/Inc/src/automated_winch/sensors/tas501.h:24:1:TAS501_tension_kg	24	static
D:/code/aw_pcb/Core/Inc/src/automated_winch/../control_system/pid.h:46:1:pid_gains_init	32	static
D:/code/aw_pcb/Core/Inc/src/automated_winch/../control_system/pid.h:57:1:pid_zn_gains_init	32	static
D:/code/aw_pcb/Core/Inc/src/automated_winch/../control_system/pid.h:65:1:pid_update_gains	16	static
D:/code/aw_pcb/Core/Inc/src/automated_winch/../control_system/pid.h:71:1:pid_init	40	static
D:/code/aw_pcb/Core/Inc/src/automated_winch/../control_system/pid.h:84:1:pid_reset	16	static
D:/code/aw_pcb/Core/Inc/src/automated_winch/../control_system/pid.h:92:1:pid_step	24	static
D:/code/aw_pcb/Core/Inc/src/automated_winch/oriental_motor/oriental_motor.h:23:5:modbus_crc	24	static
D:/code/aw_pcb/Core/Inc/src/automated_winch/oriental_motor/oriental_motor.h:45:1:modbus_write_multiple_registers	80	static,ignoring_inline_asm
D:/code/aw_pcb/Core/Inc/src/automated_winch/oriental_motor/oriental_motor.h:102:1:motor_excitation	40	static
D:/code/aw_pcb/Core/Inc/src/automated_winch/oriental_motor/oriental_motor.h:111:1:motor_speed_control	64	static
D:/code/aw_pcb/Core/Inc/src/automated_winch/oriental_motor/oriental_motor.h:130:1:motor_activate	32	static
D:/code/aw_pcb/Core/Inc/src/automated_winch/oriental_motor/oriental_motor.h:140:1:motor_set_speed	32	static
D:/code/aw_pcb/Core/Inc/src/automated_winch/communication/serial_communication.c:3:1:comms_arch_init	24	static
D:/code/aw_pcb/Core/Inc/src/automated_winch/communication/serial_communication.c:11:1:comms_packet_valid	32	static
D:/code/aw_pcb/Core/Inc/src/automated_winch/communication/serial_communication.c:53:1:aw_comms_arch_verify	32	static
D:/code/aw_pcb/Core/Inc/src/automated_winch/communication/serial_communication.c:63:1:aw_comms_arch_is_verified	16	static
D:/code/aw_pcb/Core/Inc/src/automated_winch/communication/serial_communication.c:70:1:aw_comms_get_cable_state	56	static
D:/code/aw_pcb/Core/Inc/src/automated_winch/communication/serial_communication.c:88:1:comms_create_packet_arch_v1	40	static
D:/code/aw_pcb/Core/Inc/src/automated_winch/communication/serial_communication.c:99:1:comms_create_packet_state_v1	40	static
D:/code/aw_pcb/Core/Inc/src/automated_winch/communication/serial_communication.c:108:1:comms_create_packet_error_v1	40	static
D:/code/aw_pcb/Core/Inc/src/automated_winch/communication/serial_communication.c:117:1:comms_parse_rx_and_create_tx	72	static
D:/code/aw_pcb/Core/Inc/src/automated_winch/automated_winch.c:3:1:aw_init	40	static
D:/code/aw_pcb/Core/Inc/src/automated_winch/automated_winch.c:106:1:get_encoder_turn_count	24	static
D:/code/aw_pcb/Core/Inc/src/automated_winch/automated_winch.c:116:1:aw_frame	4	static
D:/code/aw_pcb/Core/Inc/src/automated_winch/automated_winch.c:128:1:HAL_TIM_PeriodElapsedCallback	64	static
D:/code/aw_pcb/Core/Inc/src/automated_winch/automated_winch.c:270:1:HAL_UARTEx_RxEventCallback	16	static
D:/code/aw_pcb/Core/Inc/src/automated_winch/automated_winch.c:284:1:HAL_UART_TxCpltCallback	16	static
D:/code/aw_pcb/Core/Inc/src/automated_winch/automated_winch.c:295:1:HAL_UART_ErrorCallback	16	static
D:/code/aw_pcb/Debug/../Core/Src/main.c:82:5:main	8	static
D:/code/aw_pcb/Debug/../Core/Src/main.c:143:6:SystemClock_Config	88	static
D:/code/aw_pcb/Debug/../Core/Src/main.c:190:13:MX_I2C1_Init	8	static
D:/code/aw_pcb/Debug/../Core/Src/main.c:224:13:MX_TIM3_Init	56	static
D:/code/aw_pcb/Debug/../Core/Src/main.c:273:13:MX_TIM6_Init	16	static
D:/code/aw_pcb/Debug/../Core/Src/main.c:311:13:MX_USART1_UART_Init	8	static
D:/code/aw_pcb/Debug/../Core/Src/main.c:344:13:MX_USART3_UART_Init	8	static
D:/code/aw_pcb/Debug/../Core/Src/main.c:377:13:MX_USART6_UART_Init	8	static
D:/code/aw_pcb/Debug/../Core/Src/main.c:408:13:MX_DMA_Init	16	static
D:/code/aw_pcb/Debug/../Core/Src/main.c:429:13:MX_GPIO_Init	48	static
D:/code/aw_pcb/Debug/../Core/Src/main.c:485:6:Error_Handler	4	static,ignoring_inline_asm
