D:/code/aw_pcb/Core/Inc/src/automated_winch/../base/base_arena.h:24:1:arena_alloc	2
D:/code/aw_pcb/Core/Inc/src/automated_winch/../base/base_arena.h:34:1:arena_release	1
D:/code/aw_pcb/Core/Inc/src/automated_winch/../base/base_arena.h:40:1:arena_push	2
D:/code/aw_pcb/Core/Inc/src/automated_winch/../base/base_arena.h:49:1:arena_pop_to	1
D:/code/aw_pcb/Core/Inc/src/automated_winch/../base/base_arena.h:56:1:temp_begin	1
D:/code/aw_pcb/Core/Inc/src/automated_winch/../base/base_arena.h:63:1:temp_end	1
D:/code/aw_pcb/Core/Inc/src/automated_winch/../base/base_math.h:6:1:sdbm_checksum	2
D:/code/aw_pcb/Core/Inc/src/automated_winch/../base/base_math.h:28:1:rng2f32	3
D:/code/aw_pcb/Core/Inc/src/automated_winch/../base/base_math.h:35:1:clamp_rng2f32	3
D:/code/aw_pcb/Core/Inc/src/automated_winch/../os/stm32/os_stm32_core.h:18:1:os_gpio_init	2
D:/code/aw_pcb/Core/Inc/src/automated_winch/../os/stm32/os_stm32_core.h:26:1:os_gpio_write	1
D:/code/aw_pcb/Core/Inc/src/automated_winch/../os/stm32/os_stm32_core.h:32:1:os_gpio_read	1
D:/code/aw_pcb/Core/Inc/src/automated_winch/../os/stm32/os_stm32_core.h:54:1:os_i2c_init	2
D:/code/aw_pcb/Core/Inc/src/automated_winch/../os/stm32/os_stm32_core.h:76:1:os_i2c_write_register8	1
D:/code/aw_pcb/Core/Inc/src/automated_winch/../os/stm32/os_stm32_core.h:83:1:os_i2c_read_register8	1
D:/code/aw_pcb/Core/Inc/src/automated_winch/../os/stm32/os_stm32_core.h:107:1:os_timer_init	2
D:/code/aw_pcb/Core/Inc/src/automated_winch/../os/stm32/os_stm32_core.h:117:1:os_timer_start	1
D:/code/aw_pcb/Core/Inc/src/automated_winch/../os/stm32/os_stm32_core.h:129:1:os_timer_get_counter_32	1
D:/code/aw_pcb/Core/Inc/src/automated_winch/../os/stm32/os_stm32_core.h:136:1:os_timer_set_counter_32	1
D:/code/aw_pcb/Core/Inc/src/automated_winch/../os/stm32/os_stm32_core.h:161:1:os_timer_it_init	2
D:/code/aw_pcb/Core/Inc/src/automated_winch/../os/stm32/os_stm32_core.h:170:1:os_timer_it_start	1
D:/code/aw_pcb/Core/Inc/src/automated_winch/../os/stm32/os_stm32_core.h:182:1:os_timer_it_handle	1
D:/code/aw_pcb/Core/Inc/src/automated_winch/../os/stm32/os_stm32_core.h:199:1:os_uart_init	2
D:/code/aw_pcb/Core/Inc/src/automated_winch/../os/stm32/os_stm32_core.h:207:1:os_uart_send	1
D:/code/aw_pcb/Core/Inc/src/automated_winch/../os/stm32/os_stm32_core.h:214:1:os_uart_receive	1
D:/code/aw_pcb/Core/Inc/src/automated_winch/../os/stm32/os_stm32_core.h:220:1:os_uart_send_dma	1
D:/code/aw_pcb/Core/Inc/src/automated_winch/../os/stm32/os_stm32_core.h:227:1:os_uart_receive_to_idle_dma	1
D:/code/aw_pcb/Core/Inc/src/automated_winch/../os/stm32/os_stm32_core.h:233:1:os_uart_handle	1
D:/code/aw_pcb/Core/Inc/src/automated_winch/sensors/ads1115_ads1015.h:96:1:ADS1115_init	1
D:/code/aw_pcb/Core/Inc/src/automated_winch/sensors/ads1115_ads1015.h:106:1:ADS1115_read_adc_diff_01	3
D:/code/aw_pcb/Core/Inc/src/automated_winch/sensors/tas501.h:15:1:TAS501_init	1
D:/code/aw_pcb/Core/Inc/src/automated_winch/sensors/tas501.h:24:1:TAS501_tension_kg	1
D:/code/aw_pcb/Core/Inc/src/automated_winch/../control_system/pid.h:46:1:pid_gains_init	1
D:/code/aw_pcb/Core/Inc/src/automated_winch/../control_system/pid.h:57:1:pid_zn_gains_init	1
D:/code/aw_pcb/Core/Inc/src/automated_winch/../control_system/pid.h:65:1:pid_update_gains	1
D:/code/aw_pcb/Core/Inc/src/automated_winch/../control_system/pid.h:71:1:pid_init	1
D:/code/aw_pcb/Core/Inc/src/automated_winch/../control_system/pid.h:84:1:pid_reset	1
D:/code/aw_pcb/Core/Inc/src/automated_winch/../control_system/pid.h:92:1:pid_step	3
D:/code/aw_pcb/Core/Inc/src/automated_winch/oriental_motor/oriental_motor.h:23:5:modbus_crc	4
D:/code/aw_pcb/Core/Inc/src/automated_winch/oriental_motor/oriental_motor.h:45:1:modbus_write_multiple_registers	4
D:/code/aw_pcb/Core/Inc/src/automated_winch/oriental_motor/oriental_motor.h:102:1:motor_excitation	1
D:/code/aw_pcb/Core/Inc/src/automated_winch/oriental_motor/oriental_motor.h:111:1:motor_speed_control	1
D:/code/aw_pcb/Core/Inc/src/automated_winch/oriental_motor/oriental_motor.h:130:1:motor_activate	1
D:/code/aw_pcb/Core/Inc/src/automated_winch/oriental_motor/oriental_motor.h:140:1:motor_set_speed	1
D:/code/aw_pcb/Core/Inc/src/automated_winch/communication/serial_communication.c:3:1:comms_arch_init	1
D:/code/aw_pcb/Core/Inc/src/automated_winch/communication/serial_communication.c:11:1:comms_packet_valid	5
D:/code/aw_pcb/Core/Inc/src/automated_winch/communication/serial_communication.c:53:1:aw_comms_arch_verify	3
D:/code/aw_pcb/Core/Inc/src/automated_winch/communication/serial_communication.c:63:1:aw_comms_arch_is_verified	1
D:/code/aw_pcb/Core/Inc/src/automated_winch/communication/serial_communication.c:70:1:aw_comms_get_cable_state	1
D:/code/aw_pcb/Core/Inc/src/automated_winch/communication/serial_communication.c:88:1:comms_create_packet_arch_v1	1
D:/code/aw_pcb/Core/Inc/src/automated_winch/communication/serial_communication.c:99:1:comms_create_packet_state_v1	1
D:/code/aw_pcb/Core/Inc/src/automated_winch/communication/serial_communication.c:108:1:comms_create_packet_error_v1	1
D:/code/aw_pcb/Core/Inc/src/automated_winch/communication/serial_communication.c:117:1:comms_parse_rx_and_create_tx	7
D:/code/aw_pcb/Core/Inc/src/automated_winch/automated_winch.c:3:1:aw_init	2
D:/code/aw_pcb/Core/Inc/src/automated_winch/automated_winch.c:106:1:get_encoder_turn_count	1
D:/code/aw_pcb/Core/Inc/src/automated_winch/automated_winch.c:116:1:aw_frame	1
D:/code/aw_pcb/Core/Inc/src/automated_winch/automated_winch.c:128:1:HAL_TIM_PeriodElapsedCallback	21
D:/code/aw_pcb/Core/Inc/src/automated_winch/automated_winch.c:270:1:HAL_UARTEx_RxEventCallback	3
D:/code/aw_pcb/Core/Inc/src/automated_winch/automated_winch.c:284:1:HAL_UART_TxCpltCallback	2
D:/code/aw_pcb/Core/Inc/src/automated_winch/automated_winch.c:295:1:HAL_UART_ErrorCallback	2
D:/code/aw_pcb/Debug/../Core/Src/main.c:82:5:main	1
D:/code/aw_pcb/Debug/../Core/Src/main.c:143:6:SystemClock_Config	3
D:/code/aw_pcb/Debug/../Core/Src/main.c:190:13:MX_I2C1_Init	2
D:/code/aw_pcb/Debug/../Core/Src/main.c:224:13:MX_TIM3_Init	3
D:/code/aw_pcb/Debug/../Core/Src/main.c:273:13:MX_TIM6_Init	3
D:/code/aw_pcb/Debug/../Core/Src/main.c:311:13:MX_USART1_UART_Init	2
D:/code/aw_pcb/Debug/../Core/Src/main.c:344:13:MX_USART3_UART_Init	2
D:/code/aw_pcb/Debug/../Core/Src/main.c:377:13:MX_USART6_UART_Init	2
D:/code/aw_pcb/Debug/../Core/Src/main.c:408:13:MX_DMA_Init	1
D:/code/aw_pcb/Debug/../Core/Src/main.c:429:13:MX_GPIO_Init	1
D:/code/aw_pcb/Debug/../Core/Src/main.c:485:6:Error_Handler	1
